Archive member included to satisfy reference by file (symbol)

g:/stm32cubeide_1.4.0/stm32cubeide/plugins/com.st.stm32cube.ide.mcu.externaltools.gnu-tools-for-stm32.9-2020-q2-update.win32_1.5.0.202011040924/tools/bin/../lib/gcc/arm-none-eabi/9.3.1/../../../../arm-none-eabi/lib/thumb/v7e-m+fp/hard\libc_nano.a(lib_a-errno.o)
                              Core/Src/syscalls.o (__errno)
g:/stm32cubeide_1.4.0/stm32cubeide/plugins/com.st.stm32cube.ide.mcu.externaltools.gnu-tools-for-stm32.9-2020-q2-update.win32_1.5.0.202011040924/tools/bin/../lib/gcc/arm-none-eabi/9.3.1/../../../../arm-none-eabi/lib/thumb/v7e-m+fp/hard\libc_nano.a(lib_a-exit.o)
                              g:/stm32cubeide_1.4.0/stm32cubeide/plugins/com.st.stm32cube.ide.mcu.externaltools.gnu-tools-for-stm32.9-2020-q2-update.win32_1.5.0.202011040924/tools/bin/../lib/gcc/arm-none-eabi/9.3.1/../../../../arm-none-eabi/lib/thumb/v7e-m+fp/hard/crt0.o (exit)
g:/stm32cubeide_1.4.0/stm32cubeide/plugins/com.st.stm32cube.ide.mcu.externaltools.gnu-tools-for-stm32.9-2020-q2-update.win32_1.5.0.202011040924/tools/bin/../lib/gcc/arm-none-eabi/9.3.1/../../../../arm-none-eabi/lib/thumb/v7e-m+fp/hard\libc_nano.a(lib_a-impure.o)
                              g:/stm32cubeide_1.4.0/stm32cubeide/plugins/com.st.stm32cube.ide.mcu.externaltools.gnu-tools-for-stm32.9-2020-q2-update.win32_1.5.0.202011040924/tools/bin/../lib/gcc/arm-none-eabi/9.3.1/../../../../arm-none-eabi/lib/thumb/v7e-m+fp/hard\libc_nano.a(lib_a-exit.o) (_global_impure_ptr)
g:/stm32cubeide_1.4.0/stm32cubeide/plugins/com.st.stm32cube.ide.mcu.externaltools.gnu-tools-for-stm32.9-2020-q2-update.win32_1.5.0.202011040924/tools/bin/../lib/gcc/arm-none-eabi/9.3.1/../../../../arm-none-eabi/lib/thumb/v7e-m+fp/hard\libc_nano.a(lib_a-init.o)
                              g:/stm32cubeide_1.4.0/stm32cubeide/plugins/com.st.stm32cube.ide.mcu.externaltools.gnu-tools-for-stm32.9-2020-q2-update.win32_1.5.0.202011040924/tools/bin/../lib/gcc/arm-none-eabi/9.3.1/../../../../arm-none-eabi/lib/thumb/v7e-m+fp/hard/crt0.o (__libc_init_array)
g:/stm32cubeide_1.4.0/stm32cubeide/plugins/com.st.stm32cube.ide.mcu.externaltools.gnu-tools-for-stm32.9-2020-q2-update.win32_1.5.0.202011040924/tools/bin/../lib/gcc/arm-none-eabi/9.3.1/../../../../arm-none-eabi/lib/thumb/v7e-m+fp/hard\libc_nano.a(lib_a-memset.o)
                              g:/stm32cubeide_1.4.0/stm32cubeide/plugins/com.st.stm32cube.ide.mcu.externaltools.gnu-tools-for-stm32.9-2020-q2-update.win32_1.5.0.202011040924/tools/bin/../lib/gcc/arm-none-eabi/9.3.1/../../../../arm-none-eabi/lib/thumb/v7e-m+fp/hard/crt0.o (memset)
g:/stm32cubeide_1.4.0/stm32cubeide/plugins/com.st.stm32cube.ide.mcu.externaltools.gnu-tools-for-stm32.9-2020-q2-update.win32_1.5.0.202011040924/tools/bin/../lib/gcc/arm-none-eabi/9.3.1/../../../../arm-none-eabi/lib/thumb/v7e-m+fp/hard\libc_nano.a(lib_a-sprintf.o)
                              Core/Src/usart.o (sprintf)
g:/stm32cubeide_1.4.0/stm32cubeide/plugins/com.st.stm32cube.ide.mcu.externaltools.gnu-tools-for-stm32.9-2020-q2-update.win32_1.5.0.202011040924/tools/bin/../lib/gcc/arm-none-eabi/9.3.1/../../../../arm-none-eabi/lib/thumb/v7e-m+fp/hard\libc_nano.a(lib_a-strlen.o)
                              Core/Src/main.o (strlen)
g:/stm32cubeide_1.4.0/stm32cubeide/plugins/com.st.stm32cube.ide.mcu.externaltools.gnu-tools-for-stm32.9-2020-q2-update.win32_1.5.0.202011040924/tools/bin/../lib/gcc/arm-none-eabi/9.3.1/../../../../arm-none-eabi/lib/thumb/v7e-m+fp/hard\libc_nano.a(lib_a-nano-svfprintf.o)
                              g:/stm32cubeide_1.4.0/stm32cubeide/plugins/com.st.stm32cube.ide.mcu.externaltools.gnu-tools-for-stm32.9-2020-q2-update.win32_1.5.0.202011040924/tools/bin/../lib/gcc/arm-none-eabi/9.3.1/../../../../arm-none-eabi/lib/thumb/v7e-m+fp/hard\libc_nano.a(lib_a-sprintf.o) (_svfprintf_r)
g:/stm32cubeide_1.4.0/stm32cubeide/plugins/com.st.stm32cube.ide.mcu.externaltools.gnu-tools-for-stm32.9-2020-q2-update.win32_1.5.0.202011040924/tools/bin/../lib/gcc/arm-none-eabi/9.3.1/../../../../arm-none-eabi/lib/thumb/v7e-m+fp/hard\libc_nano.a(lib_a-nano-vfprintf_i.o)
                              g:/stm32cubeide_1.4.0/stm32cubeide/plugins/com.st.stm32cube.ide.mcu.externaltools.gnu-tools-for-stm32.9-2020-q2-update.win32_1.5.0.202011040924/tools/bin/../lib/gcc/arm-none-eabi/9.3.1/../../../../arm-none-eabi/lib/thumb/v7e-m+fp/hard\libc_nano.a(lib_a-nano-svfprintf.o) (_printf_i)
g:/stm32cubeide_1.4.0/stm32cubeide/plugins/com.st.stm32cube.ide.mcu.externaltools.gnu-tools-for-stm32.9-2020-q2-update.win32_1.5.0.202011040924/tools/bin/../lib/gcc/arm-none-eabi/9.3.1/../../../../arm-none-eabi/lib/thumb/v7e-m+fp/hard\libc_nano.a(lib_a-memchr.o)
                              g:/stm32cubeide_1.4.0/stm32cubeide/plugins/com.st.stm32cube.ide.mcu.externaltools.gnu-tools-for-stm32.9-2020-q2-update.win32_1.5.0.202011040924/tools/bin/../lib/gcc/arm-none-eabi/9.3.1/../../../../arm-none-eabi/lib/thumb/v7e-m+fp/hard\libc_nano.a(lib_a-nano-svfprintf.o) (memchr)
[...]
Memory Configuration

Name             Origin             Length             Attributes
CCMRAM           0x0000000010000000 0x0000000000010000 xrw
RAM              0x0000000020000000 0x0000000000020000 xrw
FLASH            0x0000000008000000 0x0000000000100000 xr
*default*        0x0000000000000000 0xffffffffffffffff

Linker script and memory map

LOAD g:/stm32cubeide_1.4.0/stm32cubeide/plugins/com.st.stm32cube.ide.mcu.externaltools.gnu-tools-for-stm32.9-2020-q2-update.win32_1.5.0.202011040924/tools/bin/../lib/gcc/arm-none-eabi/9.3.1/thumb/v7e-m+fp/hard/crti.o
LOAD g:/stm32cubeide_1.4.0/stm32cubeide/plugins/com.st.stm32cube.ide.mcu.externaltools.gnu-tools-for-stm32.9-2020-q2-update.win32_1.5.0.202011040924/tools/bin/../lib/gcc/arm-none-eabi/9.3.1/thumb/v7e-m+fp/hard/crtbegin.o
LOAD g:/stm32cubeide_1.4.0/stm32cubeide/plugins/com.st.stm32cube.ide.mcu.externaltools.gnu-tools-for-stm32.9-2020-q2-update.win32_1.5.0.202011040924/tools/bin/../lib/gcc/arm-none-eabi/9.3.1/../../../../arm-none-eabi/lib/thumb/v7e-m+fp/hard/crt0.o
LOAD Core/Src/dma.o
LOAD Core/Src/gpio.o
LOAD Core/Src/main.o
LOAD Core/Src/stm32_ub_vga_screen.o
LOAD Core/Src/stm32f4xx_hal_msp.o
LOAD Core/Src/stm32f4xx_it.o
LOAD Core/Src/syscalls.o
LOAD Core/Src/sysmem.o
LOAD Core/Src/system_stm32f4xx.o
LOAD Core/Src/tim.o
LOAD Core/Src/usart.o
LOAD Core/Startup/startup_stm32f407vgtx.o
LOAD Drivers/STM32F4xx_HAL_Driver/Src/stm32f4xx_hal.o
LOAD Drivers/STM32F4xx_HAL_Driver/Src/stm32f4xx_hal_cortex.o
LOAD Drivers/STM32F4xx_HAL_Driver/Src/stm32f4xx_hal_dma.o
LOAD Drivers/STM32F4xx_HAL_Driver/Src/stm32f4xx_hal_dma_ex.o
LOAD Drivers/STM32F4xx_HAL_Driver/Src/stm32f4xx_hal_exti.o
LOAD Drivers/STM32F4xx_HAL_Driver/Src/stm32f4xx_hal_flash.o
LOAD Drivers/STM32F4xx_HAL_Driver/Src/stm32f4xx_hal_flash_ex.o
LOAD Drivers/STM32F4xx_HAL_Driver/Src/stm32f4xx_hal_flash_ramfunc.o
LOAD Drivers/STM32F4xx_HAL_Driver/Src/stm32f4xx_hal_gpio.o
LOAD Drivers/STM32F4xx_HAL_Driver/Src/stm32f4xx_hal_pwr.o
LOAD Drivers/STM32F4xx_HAL_Driver/Src/stm32f4xx_hal_pwr_ex.o
LOAD Drivers/STM32F4xx_HAL_Driver/Src/stm32f4xx_hal_rcc.o
LOAD Drivers/STM32F4xx_HAL_Driver/Src/stm32f4xx_hal_rcc_ex.o
LOAD Drivers/STM32F4xx_HAL_Driver/Src/stm32f4xx_hal_tim.o
LOAD Drivers/STM32F4xx_HAL_Driver/Src/stm32f4xx_hal_tim_ex.o
LOAD Drivers/STM32F4xx_HAL_Driver/Src/stm32f4xx_hal_uart.o
LOAD EE-API-library/Src/API_draw.o
LOAD EE-API-library/Src/API_io.o
START GROUP
LOAD g:/stm32cubeide_1.4.0/stm32cubeide/plugins/com.st.stm32cube.ide.mcu.externaltools.gnu-tools-for-stm32.9-2020-q2-update.win32_1.5.0.202011040924/tools/bin/../lib/gcc/arm-none-eabi/9.3.1/../../../../arm-none-eabi/lib/thumb/v7e-m+fp/hard\libc_nano.a
LOAD g:/stm32cubeide_1.4.0/stm32cubeide/plugins/com.st.stm32cube.ide.mcu.externaltools.gnu-tools-for-stm32.9-2020-q2-update.win32_1.5.0.202011040924/tools/bin/../lib/gcc/arm-none-eabi/9.3.1/../../../../arm-none-eabi/lib/thumb/v7e-m+fp/hard\libm.a
END GROUP
START GROUP
LOAD g:/stm32cubeide_1.4.0/stm32cubeide/plugins/com.st.stm32cube.ide.mcu.externaltools.gnu-tools-for-stm32.9-2020-q2-update.win32_1.5.0.202011040924/tools/bin/../lib/gcc/arm-none-eabi/9.3.1/thumb/v7e-m+fp/hard\libgcc.a
LOAD g:/stm32cubeide_1.4.0/stm32cubeide/plugins/com.st.stm32cube.ide.mcu.externaltools.gnu-tools-for-stm32.9-2020-q2-update.win32_1.5.0.202011040924/tools/bin/../lib/gcc/arm-none-eabi/9.3.1/../../../../arm-none-eabi/lib/thumb/v7e-m+fp/hard\libc_nano.a
END GROUP
START GROUP
LOAD g:/stm32cubeide_1.4.0/stm32cubeide/plugins/com.st.stm32cube.ide.mcu.externaltools.gnu-tools-for-stm32.9-2020-q2-update.win32_1.5.0.202011040924/tools/bin/../lib/gcc/arm-none-eabi/9.3.1/thumb/v7e-m+fp/hard\libgcc.a
LOAD g:/stm32cubeide_1.4.0/stm32cubeide/plugins/com.st.stm32cube.ide.mcu.externaltools.gnu-tools-for-stm32.9-2020-q2-update.win32_1.5.0.202011040924/tools/bin/../lib/gcc/arm-none-eabi/9.3.1/../../../../arm-none-eabi/lib/thumb/v7e-m+fp/hard\libc_nano.a
LOAD g:/stm32cubeide_1.4.0/stm32cubeide/plugins/com.st.stm32cube.ide.mcu.externaltools.gnu-tools-for-stm32.9-2020-q2-update.win32_1.5.0.202011040924/tools/bin/../lib/gcc/arm-none-eabi/9.3.1/../../../../arm-none-eabi/lib/thumb/v7e-m+fp/hard\libnosys.a
END GROUP
START GROUP
LOAD g:/stm32cubeide_1.4.0/stm32cubeide/plugins/com.st.stm32cube.ide.mcu.externaltools.gnu-tools-for-stm32.9-2020-q2-update.win32_1.5.0.202011040924/tools/bin/../lib/gcc/arm-none-eabi/9.3.1/thumb/v7e-m+fp/hard\libgcc.a
LOAD g:/stm32cubeide_1.4.0/stm32cubeide/plugins/com.st.stm32cube.ide.mcu.externaltools.gnu-tools-for-stm32.9-2020-q2-update.win32_1.5.0.202011040924/tools/bin/../lib/gcc/arm-none-eabi/9.3.1/../../../../arm-none-eabi/lib/thumb/v7e-m+fp/hard\libc_nano.a
LOAD g:/stm32cubeide_1.4.0/stm32cubeide/plugins/com.st.stm32cube.ide.mcu.externaltools.gnu-tools-for-stm32.9-2020-q2-update.win32_1.5.0.202011040924/tools/bin/../lib/gcc/arm-none-eabi/9.3.1/../../../../arm-none-eabi/lib/thumb/v7e-m+fp/hard\libnosys.a
END GROUP
LOAD g:/stm32cubeide_1.4.0/stm32cubeide/plugins/com.st.stm32cube.ide.mcu.externaltools.gnu-tools-for-stm32.9-2020-q2-update.win32_1.5.0.202011040924/tools/bin/../lib/gcc/arm-none-eabi/9.3.1/thumb/v7e-m+fp/hard/crtend.o
LOAD g:/stm32cubeide_1.4.0/stm32cubeide/plugins/com.st.stm32cube.ide.mcu.externaltools.gnu-tools-for-stm32.9-2020-q2-update.win32_1.5.0.202011040924/tools/bin/../lib/gcc/arm-none-eabi/9.3.1/thumb/v7e-m+fp/hard/crtn.o
                0x0000000020020000                _estack = (ORIGIN (RAM) + LENGTH (RAM))
                0x0000000000000200                _Min_Heap_Size = 0x200
                0x0000000000000400                _Min_Stack_Size = 0x400

.isr_vector     0x0000000008000000      0x188
                0x0000000008000000                . = ALIGN (0x4)
 *(.isr_vector)
 .isr_vector    0x0000000008000000      0x188 Core/Startup/startup_stm32f407vgtx.o
                0x0000000008000000                g_pfnVectors
                0x0000000008000188                . = ALIGN (0x4)

.text           0x0000000008000190     0x544c
                0x0000000008000190                . = ALIGN (0x4)
 *(.text)
 .text          0x0000000008000190       0x40 g:/stm32cubeide_1.4.0/stm32cubeide/plugins/com.st.stm32cube.ide.mcu.externaltools.gnu-tools-for-stm32.9-2020-q2-update.win32_1.5.0.202011040924/tools/bin/../lib/gcc/arm-none-eabi/9.3.1/thumb/v7e-m+fp/hard/crtbegin.o
 .text          0x00000000080001d0       0x10 g:/stm32cubeide_1.4.0/stm32cubeide/plugins/com.st.stm32cube.ide.mcu.externaltools.gnu-tools-for-stm32.9-2020-q2-update.win32_1.5.0.202011040924/tools/bin/../lib/gcc/arm-none-eabi/9.3.1/../../../../arm-none-eabi/lib/thumb/v7e-m+fp/hard\libc_nano.a(lib_a-strlen.o)
                0x00000000080001d0                strlen
 .text          0x00000000080001e0       0xa0 g:/stm32cubeide_1.4.0/stm32cubeide/plugins/com.st.stm32cube.ide.mcu.externaltools.gnu-tools-for-stm32.9-2020-q2-update.win32_1.5.0.202011040924/tools/bin/../lib/gcc/arm-none-eabi/9.3.1/../../../../arm-none-eabi/lib/thumb/v7e-m+fp/hard\libc_nano.a(lib_a-memchr.o)
                0x00000000080001e0                memchr
 .text          0x0000000008000280       0x30 g:/stm32cubeide_1.4.0/stm32cubeide/plugins/com.st.stm32cube.ide.mcu.externaltools.gnu-tools-for-stm32.9-2020-q2-update.win32_1.5.0.202011040924/tools/bin/../lib/gcc/arm-none-eabi/9.3.1/thumb/v7e-m+fp/hard\libgcc.a(_aeabi_uldivmod.o)
                0x0000000008000280                __aeabi_uldivmod
 .text          0x00000000080002b0      0x2c4 g:/stm32cubeide_1.4.0/stm32cubeide/plugins/com.st.stm32cube.ide.mcu.externaltools.gnu-tools-for-stm32.9-2020-q2-update.win32_1.5.0.202011040924/tools/bin/../lib/gcc/arm-none-eabi/9.3.1/thumb/v7e-m+fp/hard\libgcc.a(_udivmoddi4.o)
                0x00000000080002b0                __udivmoddi4
 .text          0x0000000008000574        0x4 g:/stm32cubeide_1.4.0/stm32cubeide/plugins/com.st.stm32cube.ide.mcu.externaltools.gnu-tools-for-stm32.9-2020-q2-update.win32_1.5.0.202011040924/tools/bin/../lib/gcc/arm-none-eabi/9.3.1/thumb/v7e-m+fp/hard\libgcc.a(_dvmd_tls.o)
                0x0000000008000574                __aeabi_idiv0
                0x0000000008000574                __aeabi_ldiv0
 *(.text*)
 .text.MX_DMA_Init
                0x0000000008000578       0x7c Core/Src/dma.o
                0x0000000008000578                MX_DMA_Init
 .text.MX_GPIO_Init
                0x00000000080005f4       0xf0 Core/Src/gpio.o
                0x00000000080005f4                MX_GPIO_Init
 .text.main     0x00000000080006e4       0x7c Core/Src/main.o
                0x00000000080006e4                main
 .text.SystemClock_Config
                0x0000000008000760       0xd4 Core/Src/main.o
                0x0000000008000760                SystemClock_Config
 .text.Error_Handler
                0x0000000008000834        0xe Core/Src/main.o
                0x0000000008000834                Error_Handler
 *fill*         0x0000000008000842        0x2 
 .text.UB_VGA_Screen_Init
                0x0000000008000844       0xa4 Core/Src/stm32_ub_vga_screen.o
                0x0000000008000844                UB_VGA_Screen_Init
 .text.UB_VGA_FillScreen
                0x00000000080008e8       0x46 Core/Src/stm32_ub_vga_screen.o
                0x00000000080008e8                UB_VGA_FillScreen
 *fill*         0x000000000800092e        0x2 
 .text.UB_VGA_SetPixel
                0x0000000008000930       0x50 Core/Src/stm32_ub_vga_screen.o
                0x0000000008000930                UB_VGA_SetPixel
 .text.HAL_MspInit
                0x0000000008000980       0x50 Core/Src/stm32f4xx_hal_msp.o
                0x0000000008000980                HAL_MspInit
 .text.NMI_Handler
                0x00000000080009d0        0xe Core/Src/stm32f4xx_it.o
                0x00000000080009d0                NMI_Handler
 .text.HardFault_Handler
                0x00000000080009de        0x6 Core/Src/stm32f4xx_it.o
                0x00000000080009de                HardFault_Handler
 .text.MemManage_Handler
                0x00000000080009e4        0x6 Core/Src/stm32f4xx_it.o
                0x00000000080009e4                MemManage_Handler
 .text.BusFault_Handler
                0x00000000080009ea        0x6 Core/Src/stm32f4xx_it.o
                0x00000000080009ea                BusFault_Handler
 .text.UsageFault_Handler
                0x00000000080009f0        0x6 Core/Src/stm32f4xx_it.o
                0x00000000080009f0                UsageFault_Handler
 .text.SVC_Handler
                0x00000000080009f6        0xe Core/Src/stm32f4xx_it.o
                0x00000000080009f6                SVC_Handler
 .text.DebugMon_Handler
                0x0000000008000a04        0xe Core/Src/stm32f4xx_it.o
                0x0000000008000a04                DebugMon_Handler
 .text.PendSV_Handler
                0x0000000008000a12        0xe Core/Src/stm32f4xx_it.o
                0x0000000008000a12                PendSV_Handler
 .text.SysTick_Handler
                0x0000000008000a20        0xc Core/Src/stm32f4xx_it.o
                0x0000000008000a20                SysTick_Handler
 .text.DMA1_Stream5_IRQHandler
                0x0000000008000a2c       0x14 Core/Src/stm32f4xx_it.o
                0x0000000008000a2c                DMA1_Stream5_IRQHandler
 .text.DMA1_Stream6_IRQHandler
                0x0000000008000a40       0x14 Core/Src/stm32f4xx_it.o
                0x0000000008000a40                DMA1_Stream6_IRQHandler
 .text.TIM2_IRQHandler
                0x0000000008000a54       0xc4 Core/Src/stm32f4xx_it.o
                0x0000000008000a54                TIM2_IRQHandler
 .text.USART2_IRQHandler
                0x0000000008000b18       0x28 Core/Src/stm32f4xx_it.o
                0x0000000008000b18                USART2_IRQHandler
 .text.DMA2_Stream5_IRQHandler
                0x0000000008000b40       0x54 Core/Src/stm32f4xx_it.o
                0x0000000008000b40                DMA2_Stream5_IRQHandler
 .text._sbrk    0x0000000008000b94       0x58 Core/Src/sysmem.o
                0x0000000008000b94                _sbrk
 .text.SystemInit
                0x0000000008000bec       0x2c Core/Src/system_stm32f4xx.o
                0x0000000008000bec                SystemInit
 .text.MX_TIM1_Init
                0x0000000008000c18       0xa0 Core/Src/tim.o
                0x0000000008000c18                MX_TIM1_Init
 .text.MX_TIM2_Init
                0x0000000008000cb8       0xd0 Core/Src/tim.o
                0x0000000008000cb8                MX_TIM2_Init
 .text.HAL_TIM_Base_MspInit
                0x0000000008000d88       0xa4 Core/Src/tim.o
                0x0000000008000d88                HAL_TIM_Base_MspInit
 .text.HAL_TIM_PWM_MspInit
                0x0000000008000e2c       0x4c Core/Src/tim.o
                0x0000000008000e2c                HAL_TIM_PWM_MspInit
 .text.HAL_TIM_MspPostInit
                0x0000000008000e78       0x70 Core/Src/tim.o
                0x0000000008000e78                HAL_TIM_MspPostInit
 .text.MX_USART2_UART_Init
                0x0000000008000ee8       0x54 Core/Src/usart.o
                0x0000000008000ee8                MX_USART2_UART_Init
 .text.HAL_UART_MspInit
                0x0000000008000f3c      0x16c Core/Src/usart.o
                0x0000000008000f3c                HAL_UART_MspInit
 .text.HAL_UART_RxCpltCallback
                0x00000000080010a8      0x168 Core/Src/usart.o
                0x00000000080010a8                HAL_UART_RxCpltCallback
 .text.HAL_UART_TxCpltCallback
                0x0000000008001210       0x24 Core/Src/usart.o
                0x0000000008001210                HAL_UART_TxCpltCallback
 .text.Reset_Handler
                0x0000000008001234       0x50 Core/Startup/startup_stm32f407vgtx.o
                0x0000000008001234                Reset_Handler
 .text.Default_Handler
                0x0000000008001284        0x2 Core/Startup/startup_stm32f407vgtx.o
                0x0000000008001284                RTC_Alarm_IRQHandler
                0x0000000008001284                HASH_RNG_IRQHandler
                0x0000000008001284                EXTI2_IRQHandler
                0x0000000008001284                TIM8_CC_IRQHandler
                0x0000000008001284                TIM1_CC_IRQHandler
                0x0000000008001284                PVD_IRQHandler
                0x0000000008001284                SDIO_IRQHandler
                0x0000000008001284                TAMP_STAMP_IRQHandler
                0x0000000008001284                CAN2_RX1_IRQHandler
                0x0000000008001284                EXTI3_IRQHandler
                0x0000000008001284                TIM8_TRG_COM_TIM14_IRQHandler
                0x0000000008001284                TIM1_UP_TIM10_IRQHandler
                0x0000000008001284                TIM8_UP_TIM13_IRQHandler
                0x0000000008001284                I2C3_ER_IRQHandler
                0x0000000008001284                EXTI0_IRQHandler
                0x0000000008001284                I2C2_EV_IRQHandler
                0x0000000008001284                DMA1_Stream2_IRQHandler
                0x0000000008001284                CAN1_RX0_IRQHandler
                0x0000000008001284                FPU_IRQHandler
                0x0000000008001284                OTG_HS_WKUP_IRQHandler
                0x0000000008001284                CAN2_SCE_IRQHandler
                0x0000000008001284                DMA2_Stream2_IRQHandler
                0x0000000008001284                SPI1_IRQHandler
                0x0000000008001284                TIM6_DAC_IRQHandler
                0x0000000008001284                TIM1_BRK_TIM9_IRQHandler
                0x0000000008001284                DCMI_IRQHandler
                0x0000000008001284                CAN2_RX0_IRQHandler
                0x0000000008001284                DMA2_Stream3_IRQHandler
                0x0000000008001284                USART6_IRQHandler
                0x0000000008001284                USART3_IRQHandler
                0x0000000008001284                CAN1_RX1_IRQHandler
                0x0000000008001284                UART5_IRQHandler
                0x0000000008001284                DMA2_Stream0_IRQHandler
                0x0000000008001284                TIM4_IRQHandler
                0x0000000008001284                I2C1_EV_IRQHandler
                0x0000000008001284                DMA1_Stream1_IRQHandler
                0x0000000008001284                UART4_IRQHandler
                0x0000000008001284                TIM3_IRQHandler
                0x0000000008001284                RCC_IRQHandler
                0x0000000008001284                TIM8_BRK_TIM12_IRQHandler
                0x0000000008001284                Default_Handler
                0x0000000008001284                EXTI15_10_IRQHandler
                0x0000000008001284                ADC_IRQHandler
                0x0000000008001284                DMA1_Stream7_IRQHandler
                0x0000000008001284                TIM7_IRQHandler
                0x0000000008001284                CAN2_TX_IRQHandler
                0x0000000008001284                TIM5_IRQHandler
                0x0000000008001284                DMA2_Stream7_IRQHandler
                0x0000000008001284                I2C3_EV_IRQHandler
                0x0000000008001284                EXTI9_5_IRQHandler
                0x0000000008001284                RTC_WKUP_IRQHandler
                0x0000000008001284                ETH_WKUP_IRQHandler
                0x0000000008001284                SPI2_IRQHandler
                0x0000000008001284                OTG_HS_EP1_IN_IRQHandler
                0x0000000008001284                DMA1_Stream0_IRQHandler
                0x0000000008001284                CAN1_TX_IRQHandler
                0x0000000008001284                EXTI4_IRQHandler
                0x0000000008001284                FSMC_IRQHandler
                0x0000000008001284                ETH_IRQHandler
                0x0000000008001284                OTG_HS_EP1_OUT_IRQHandler
                0x0000000008001284                WWDG_IRQHandler
                0x0000000008001284                OTG_FS_WKUP_IRQHandler
                0x0000000008001284                TIM1_TRG_COM_TIM11_IRQHandler
                0x0000000008001284                OTG_HS_IRQHandler
                0x0000000008001284                EXTI1_IRQHandler
                0x0000000008001284                I2C2_ER_IRQHandler
                0x0000000008001284                DMA2_Stream1_IRQHandler
                0x0000000008001284                CAN1_SCE_IRQHandler
                0x0000000008001284                FLASH_IRQHandler
                0x0000000008001284                DMA2_Stream4_IRQHandler
                0x0000000008001284                USART1_IRQHandler
                0x0000000008001284                OTG_FS_IRQHandler
                0x0000000008001284                SPI3_IRQHandler
                0x0000000008001284                DMA1_Stream4_IRQHandler
                0x0000000008001284                I2C1_ER_IRQHandler
                0x0000000008001284                DMA2_Stream6_IRQHandler
                0x0000000008001284                DMA1_Stream3_IRQHandler
 *fill*         0x0000000008001286        0x2 
 .text.HAL_Init
                0x0000000008001288       0x44 Drivers/STM32F4xx_HAL_Driver/Src/stm32f4xx_hal.o
                0x0000000008001288                HAL_Init
 .text.HAL_InitTick
                0x00000000080012cc       0x60 Drivers/STM32F4xx_HAL_Driver/Src/stm32f4xx_hal.o
                0x00000000080012cc                HAL_InitTick
 .text.HAL_IncTick
                0x000000000800132c       0x28 Drivers/STM32F4xx_HAL_Driver/Src/stm32f4xx_hal.o
                0x000000000800132c                HAL_IncTick
 .text.HAL_GetTick
                0x0000000008001354       0x18 Drivers/STM32F4xx_HAL_Driver/Src/stm32f4xx_hal.o
                0x0000000008001354                HAL_GetTick
 .text.__NVIC_SetPriorityGrouping
                0x000000000800136c       0x48 Drivers/STM32F4xx_HAL_Driver/Src/stm32f4xx_hal_cortex.o
 .text.__NVIC_GetPriorityGrouping
                0x00000000080013b4       0x1c Drivers/STM32F4xx_HAL_Driver/Src/stm32f4xx_hal_cortex.o
 .text.__NVIC_EnableIRQ
                0x00000000080013d0       0x3c Drivers/STM32F4xx_HAL_Driver/Src/stm32f4xx_hal_cortex.o
 .text.__NVIC_SetPriority
                0x000000000800140c       0x54 Drivers/STM32F4xx_HAL_Driver/Src/stm32f4xx_hal_cortex.o
 .text.NVIC_EncodePriority
                0x0000000008001460       0x66 Drivers/STM32F4xx_HAL_Driver/Src/stm32f4xx_hal_cortex.o
 *fill*         0x00000000080014c6        0x2 
 .text.SysTick_Config
                0x00000000080014c8       0x44 Drivers/STM32F4xx_HAL_Driver/Src/stm32f4xx_hal_cortex.o
 .text.HAL_NVIC_SetPriorityGrouping
                0x000000000800150c       0x16 Drivers/STM32F4xx_HAL_Driver/Src/stm32f4xx_hal_cortex.o
                0x000000000800150c                HAL_NVIC_SetPriorityGrouping
 .text.HAL_NVIC_SetPriority
                0x0000000008001522       0x38 Drivers/STM32F4xx_HAL_Driver/Src/stm32f4xx_hal_cortex.o
                0x0000000008001522                HAL_NVIC_SetPriority
 .text.HAL_NVIC_EnableIRQ
                0x000000000800155a       0x1c Drivers/STM32F4xx_HAL_Driver/Src/stm32f4xx_hal_cortex.o
                0x000000000800155a                HAL_NVIC_EnableIRQ
 .text.HAL_SYSTICK_Config
                0x0000000008001576       0x18 Drivers/STM32F4xx_HAL_Driver/Src/stm32f4xx_hal_cortex.o
                0x0000000008001576                HAL_SYSTICK_Config
 *fill*         0x000000000800158e        0x2 
 .text.HAL_DMA_Init
                0x0000000008001590      0x15c Drivers/STM32F4xx_HAL_Driver/Src/stm32f4xx_hal_dma.o
                0x0000000008001590                HAL_DMA_Init
 .text.HAL_DMA_Start_IT
                0x00000000080016ec       0xb0 Drivers/STM32F4xx_HAL_Driver/Src/stm32f4xx_hal_dma.o
                0x00000000080016ec                HAL_DMA_Start_IT
 .text.HAL_DMA_Abort
                0x000000000800179c       0xe0 Drivers/STM32F4xx_HAL_Driver/Src/stm32f4xx_hal_dma.o
                0x000000000800179c                HAL_DMA_Abort
 .text.HAL_DMA_Abort_IT
                0x000000000800187c       0x44 Drivers/STM32F4xx_HAL_Driver/Src/stm32f4xx_hal_dma.o
                0x000000000800187c                HAL_DMA_Abort_IT
 .text.HAL_DMA_IRQHandler
                0x00000000080018c0      0x314 Drivers/STM32F4xx_HAL_Driver/Src/stm32f4xx_hal_dma.o
                0x00000000080018c0                HAL_DMA_IRQHandler
 .text.DMA_SetConfig
                0x0000000008001bd4       0x5c Drivers/STM32F4xx_HAL_Driver/Src/stm32f4xx_hal_dma.o
 .text.DMA_CalcBaseAndBitshift
                0x0000000008001c30       0x6c Drivers/STM32F4xx_HAL_Driver/Src/stm32f4xx_hal_dma.o
 .text.DMA_CheckFifoParam
                0x0000000008001c9c       0xf8 Drivers/STM32F4xx_HAL_Driver/Src/stm32f4xx_hal_dma.o
 .text.HAL_GPIO_Init
                0x0000000008001d94      0x338 Drivers/STM32F4xx_HAL_Driver/Src/stm32f4xx_hal_gpio.o
                0x0000000008001d94                HAL_GPIO_Init
 .text.HAL_GPIO_WritePin
                0x00000000080020cc       0x32 Drivers/STM32F4xx_HAL_Driver/Src/stm32f4xx_hal_gpio.o
                0x00000000080020cc                HAL_GPIO_WritePin
 *fill*         0x00000000080020fe        0x2 
 .text.HAL_RCC_OscConfig
                0x0000000008002100      0x4f0 Drivers/STM32F4xx_HAL_Driver/Src/stm32f4xx_hal_rcc.o
                0x0000000008002100                HAL_RCC_OscConfig
 .text.HAL_RCC_ClockConfig
                0x00000000080025f0      0x1cc Drivers/STM32F4xx_HAL_Driver/Src/stm32f4xx_hal_rcc.o
                0x00000000080025f0                HAL_RCC_ClockConfig
 .text.HAL_RCC_GetSysClockFreq
                0x00000000080027bc      0x1c4 Drivers/STM32F4xx_HAL_Driver/Src/stm32f4xx_hal_rcc.o
                0x00000000080027bc                HAL_RCC_GetSysClockFreq
 .text.HAL_RCC_GetHCLKFreq
                0x0000000008002980       0x18 Drivers/STM32F4xx_HAL_Driver/Src/stm32f4xx_hal_rcc.o
                0x0000000008002980                HAL_RCC_GetHCLKFreq
 .text.HAL_RCC_GetPCLK1Freq
                0x0000000008002998       0x28 Drivers/STM32F4xx_HAL_Driver/Src/stm32f4xx_hal_rcc.o
                0x0000000008002998                HAL_RCC_GetPCLK1Freq
 .text.HAL_RCC_GetPCLK2Freq
                0x00000000080029c0       0x28 Drivers/STM32F4xx_HAL_Driver/Src/stm32f4xx_hal_rcc.o
                0x00000000080029c0                HAL_RCC_GetPCLK2Freq
 .text.HAL_TIM_Base_Init
                0x00000000080029e8       0x9e Drivers/STM32F4xx_HAL_Driver/Src/stm32f4xx_hal_tim.o
                0x00000000080029e8                HAL_TIM_Base_Init
 *fill*         0x0000000008002a86        0x2 
 .text.HAL_TIM_Base_Start
                0x0000000008002a88       0xd0 Drivers/STM32F4xx_HAL_Driver/Src/stm32f4xx_hal_tim.o
                0x0000000008002a88                HAL_TIM_Base_Start
 .text.HAL_TIM_PWM_Init
                0x0000000008002b58       0x9e Drivers/STM32F4xx_HAL_Driver/Src/stm32f4xx_hal_tim.o
                0x0000000008002b58                HAL_TIM_PWM_Init
 *fill*         0x0000000008002bf6        0x2 
 .text.HAL_TIM_PWM_Start
                0x0000000008002bf8      0x190 Drivers/STM32F4xx_HAL_Driver/Src/stm32f4xx_hal_tim.o
                0x0000000008002bf8                HAL_TIM_PWM_Start
 .text.HAL_TIM_PWM_Start_IT
                0x0000000008002d88      0x21c Drivers/STM32F4xx_HAL_Driver/Src/stm32f4xx_hal_tim.o
                0x0000000008002d88                HAL_TIM_PWM_Start_IT
 .text.HAL_TIM_IRQHandler
                0x0000000008002fa4      0x210 Drivers/STM32F4xx_HAL_Driver/Src/stm32f4xx_hal_tim.o
                0x0000000008002fa4                HAL_TIM_IRQHandler
 .text.HAL_TIM_PWM_ConfigChannel
                0x00000000080031b4      0x17c Drivers/STM32F4xx_HAL_Driver/Src/stm32f4xx_hal_tim.o
                0x00000000080031b4                HAL_TIM_PWM_ConfigChannel
 .text.HAL_TIM_ConfigClockSource
                0x0000000008003330      0x188 Drivers/STM32F4xx_HAL_Driver/Src/stm32f4xx_hal_tim.o
                0x0000000008003330                HAL_TIM_ConfigClockSource
 .text.HAL_TIM_PeriodElapsedCallback
                0x00000000080034b8       0x14 Drivers/STM32F4xx_HAL_Driver/Src/stm32f4xx_hal_tim.o
                0x00000000080034b8                HAL_TIM_PeriodElapsedCallback
 .text.HAL_TIM_OC_DelayElapsedCallback
                0x00000000080034cc       0x14 Drivers/STM32F4xx_HAL_Driver/Src/stm32f4xx_hal_tim.o
                0x00000000080034cc                HAL_TIM_OC_DelayElapsedCallback
 .text.HAL_TIM_IC_CaptureCallback
                0x00000000080034e0       0x14 Drivers/STM32F4xx_HAL_Driver/Src/stm32f4xx_hal_tim.o
                0x00000000080034e0                HAL_TIM_IC_CaptureCallback
 .text.HAL_TIM_PWM_PulseFinishedCallback
                0x00000000080034f4       0x14 Drivers/STM32F4xx_HAL_Driver/Src/stm32f4xx_hal_tim.o
                0x00000000080034f4                HAL_TIM_PWM_PulseFinishedCallback
 .text.HAL_TIM_TriggerCallback
                0x0000000008003508       0x14 Drivers/STM32F4xx_HAL_Driver/Src/stm32f4xx_hal_tim.o
                0x0000000008003508                HAL_TIM_TriggerCallback
 .text.TIM_Base_SetConfig
                0x000000000800351c      0x140 Drivers/STM32F4xx_HAL_Driver/Src/stm32f4xx_hal_tim.o
                0x000000000800351c                TIM_Base_SetConfig
 .text.TIM_OC1_SetConfig
                0x000000000800365c       0xe0 Drivers/STM32F4xx_HAL_Driver/Src/stm32f4xx_hal_tim.o
 .text.TIM_OC2_SetConfig
                0x000000000800373c       0xec Drivers/STM32F4xx_HAL_Driver/Src/stm32f4xx_hal_tim.o
                0x000000000800373c                TIM_OC2_SetConfig
 .text.TIM_OC3_SetConfig
                0x0000000008003828       0xe8 Drivers/STM32F4xx_HAL_Driver/Src/stm32f4xx_hal_tim.o
 .text.TIM_OC4_SetConfig
                0x0000000008003910       0xac Drivers/STM32F4xx_HAL_Driver/Src/stm32f4xx_hal_tim.o
 .text.TIM_TI1_ConfigInputStage
                0x00000000080039bc       0x5e Drivers/STM32F4xx_HAL_Driver/Src/stm32f4xx_hal_tim.o
 .text.TIM_TI2_ConfigInputStage
                0x0000000008003a1a       0x60 Drivers/STM32F4xx_HAL_Driver/Src/stm32f4xx_hal_tim.o
 .text.TIM_ITRx_SetConfig
                0x0000000008003a7a       0x36 Drivers/STM32F4xx_HAL_Driver/Src/stm32f4xx_hal_tim.o
 .text.TIM_ETR_SetConfig
                0x0000000008003ab0       0x40 Drivers/STM32F4xx_HAL_Driver/Src/stm32f4xx_hal_tim.o
                0x0000000008003ab0                TIM_ETR_SetConfig
 .text.TIM_CCxChannelCmd
                0x0000000008003af0       0x4a Drivers/STM32F4xx_HAL_Driver/Src/stm32f4xx_hal_tim.o
                0x0000000008003af0                TIM_CCxChannelCmd
 *fill*         0x0000000008003b3a        0x2 
 .text.HAL_TIMEx_MasterConfigSynchronization
                0x0000000008003b3c       0xf8 Drivers/STM32F4xx_HAL_Driver/Src/stm32f4xx_hal_tim_ex.o
                0x0000000008003b3c                HAL_TIMEx_MasterConfigSynchronization
 .text.HAL_TIMEx_CommutCallback
                0x0000000008003c34       0x14 Drivers/STM32F4xx_HAL_Driver/Src/stm32f4xx_hal_tim_ex.o
                0x0000000008003c34                HAL_TIMEx_CommutCallback
 .text.HAL_TIMEx_BreakCallback
                0x0000000008003c48       0x14 Drivers/STM32F4xx_HAL_Driver/Src/stm32f4xx_hal_tim_ex.o
                0x0000000008003c48                HAL_TIMEx_BreakCallback
 .text.HAL_UART_Init
                0x0000000008003c5c       0x9a Drivers/STM32F4xx_HAL_Driver/Src/stm32f4xx_hal_uart.o
                0x0000000008003c5c                HAL_UART_Init
 .text.HAL_UART_Transmit
                0x0000000008003cf6      0x124 Drivers/STM32F4xx_HAL_Driver/Src/stm32f4xx_hal_uart.o
                0x0000000008003cf6                HAL_UART_Transmit
 *fill*         0x0000000008003e1a        0x2 
 .text.HAL_UART_Transmit_DMA
                0x0000000008003e1c       0xd8 Drivers/STM32F4xx_HAL_Driver/Src/stm32f4xx_hal_uart.o
                0x0000000008003e1c                HAL_UART_Transmit_DMA
 .text.HAL_UART_Receive_DMA
                0x0000000008003ef4       0x60 Drivers/STM32F4xx_HAL_Driver/Src/stm32f4xx_hal_uart.o
                0x0000000008003ef4                HAL_UART_Receive_DMA
 .text.HAL_UART_IRQHandler
                0x0000000008003f54      0x358 Drivers/STM32F4xx_HAL_Driver/Src/stm32f4xx_hal_uart.o
                0x0000000008003f54                HAL_UART_IRQHandler
 .text.HAL_UART_TxHalfCpltCallback
                0x00000000080042ac       0x14 Drivers/STM32F4xx_HAL_Driver/Src/stm32f4xx_hal_uart.o
                0x00000000080042ac                HAL_UART_TxHalfCpltCallback
 .text.HAL_UART_RxHalfCpltCallback
                0x00000000080042c0       0x14 Drivers/STM32F4xx_HAL_Driver/Src/stm32f4xx_hal_uart.o
                0x00000000080042c0                HAL_UART_RxHalfCpltCallback
 .text.HAL_UART_ErrorCallback
                0x00000000080042d4       0x14 Drivers/STM32F4xx_HAL_Driver/Src/stm32f4xx_hal_uart.o
                0x00000000080042d4                HAL_UART_ErrorCallback
 .text.HAL_UARTEx_RxEventCallback
                0x00000000080042e8       0x18 Drivers/STM32F4xx_HAL_Driver/Src/stm32f4xx_hal_uart.o
                0x00000000080042e8                HAL_UARTEx_RxEventCallback
 .text.UART_DMATransmitCplt
                0x0000000008004300       0x52 Drivers/STM32F4xx_HAL_Driver/Src/stm32f4xx_hal_uart.o
 .text.UART_DMATxHalfCplt
                0x0000000008004352       0x1c Drivers/STM32F4xx_HAL_Driver/Src/stm32f4xx_hal_uart.o
 .text.UART_DMAReceiveCplt
                0x000000000800436e       0x96 Drivers/STM32F4xx_HAL_Driver/Src/stm32f4xx_hal_uart.o
 .text.UART_DMARxHalfCplt
                0x0000000008004404       0x36 Drivers/STM32F4xx_HAL_Driver/Src/stm32f4xx_hal_uart.o
 .text.UART_DMAError
                0x000000000800443a       0x94 Drivers/STM32F4xx_HAL_Driver/Src/stm32f4xx_hal_uart.o
 .text.UART_WaitOnFlagUntilTimeout
                0x00000000080044ce       0x94 Drivers/STM32F4xx_HAL_Driver/Src/stm32f4xx_hal_uart.o
 *fill*         0x0000000008004562        0x2 
 .text.UART_Start_Receive_DMA
                0x0000000008004564       0xc8 Drivers/STM32F4xx_HAL_Driver/Src/stm32f4xx_hal_uart.o
                0x0000000008004564                UART_Start_Receive_DMA
 .text.UART_EndTxTransfer
                0x000000000800462c       0x2c Drivers/STM32F4xx_HAL_Driver/Src/stm32f4xx_hal_uart.o
 .text.UART_EndRxTransfer
                0x0000000008004658       0x5a Drivers/STM32F4xx_HAL_Driver/Src/stm32f4xx_hal_uart.o
 .text.UART_DMAAbortOnError
                0x00000000080046b2       0x28 Drivers/STM32F4xx_HAL_Driver/Src/stm32f4xx_hal_uart.o
 .text.UART_Transmit_IT
                0x00000000080046da       0xa0 Drivers/STM32F4xx_HAL_Driver/Src/stm32f4xx_hal_uart.o
 .text.UART_EndTransmit_IT
                0x000000000800477a       0x30 Drivers/STM32F4xx_HAL_Driver/Src/stm32f4xx_hal_uart.o
 .text.UART_Receive_IT
                0x00000000080047aa      0x12e Drivers/STM32F4xx_HAL_Driver/Src/stm32f4xx_hal_uart.o
 .text.UART_SetConfig
                0x00000000080048d8      0x390 Drivers/STM32F4xx_HAL_Driver/Src/stm32f4xx_hal_uart.o
 .text.API_draw_rectangle
                0x0000000008004c68       0x8a EE-API-library/Src/API_draw.o
                0x0000000008004c68                API_draw_rectangle
 .text.API_init_IO
                0x0000000008004cf2       0x12 EE-API-library/Src/API_io.o
                0x0000000008004cf2                API_init_IO
 .text.__errno  0x0000000008004d04        0xc g:/stm32cubeide_1.4.0/stm32cubeide/plugins/com.st.stm32cube.ide.mcu.externaltools.gnu-tools-for-stm32.9-2020-q2-update.win32_1.5.0.202011040924/tools/bin/../lib/gcc/arm-none-eabi/9.3.1/../../../../arm-none-eabi/lib/thumb/v7e-m+fp/hard\libc_nano.a(lib_a-errno.o)
                0x0000000008004d04                __errno
 .text.__libc_init_array
                0x0000000008004d10       0x48 g:/stm32cubeide_1.4.0/stm32cubeide/plugins/com.st.stm32cube.ide.mcu.externaltools.gnu-tools-for-stm32.9-2020-q2-update.win32_1.5.0.202011040924/tools/bin/../lib/gcc/arm-none-eabi/9.3.1/../../../../arm-none-eabi/lib/thumb/v7e-m+fp/hard\libc_nano.a(lib_a-init.o)
                0x0000000008004d10                __libc_init_array
 .text.memset   0x0000000008004d58       0x10 g:/stm32cubeide_1.4.0/stm32cubeide/plugins/com.st.stm32cube.ide.mcu.externaltools.gnu-tools-for-stm32.9-2020-q2-update.win32_1.5.0.202011040924/tools/bin/../lib/gcc/arm-none-eabi/9.3.1/../../../../arm-none-eabi/lib/thumb/v7e-m+fp/hard\libc_nano.a(lib_a-memset.o)
                0x0000000008004d58                memset
 .text.sprintf  0x0000000008004d68       0x40 g:/stm32cubeide_1.4.0/stm32cubeide/plugins/com.st.stm32cube.ide.mcu.externaltools.gnu-tools-for-stm32.9-2020-q2-update.win32_1.5.0.202011040924/tools/bin/../lib/gcc/arm-none-eabi/9.3.1/../../../../arm-none-eabi/lib/thumb/v7e-m+fp/hard\libc_nano.a(lib_a-sprintf.o)
                0x0000000008004d68                siprintf
                0x0000000008004d68                sprintf
 .text.__ssputs_r
                0x0000000008004da8       0xb6 g:/stm32cubeide_1.4.0/stm32cubeide/plugins/com.st.stm32cube.ide.mcu.externaltools.gnu-tools-for-stm32.9-2020-q2-update.win32_1.5.0.202011040924/tools/bin/../lib/gcc/arm-none-eabi/9.3.1/../../../../arm-none-eabi/lib/thumb/v7e-m+fp/hard\libc_nano.a(lib_a-nano-svfprintf.o)
                0x0000000008004da8                __ssputs_r
 *fill*         0x0000000008004e5e        0x2 
 .text._svfprintf_r
                0x0000000008004e60      0x200 g:/stm32cubeide_1.4.0/stm32cubeide/plugins/com.st.stm32cube.ide.mcu.externaltools.gnu-tools-for-stm32.9-2020-q2-update.win32_1.5.0.202011040924/tools/bin/../lib/gcc/arm-none-eabi/9.3.1/../../../../arm-none-eabi/lib/thumb/v7e-m+fp/hard\libc_nano.a(lib_a-nano-svfprintf.o)
                0x0000000008004e60                _svfiprintf_r
                0x0000000008004e60                _svfprintf_r
 .text._printf_common
                0x0000000008005060       0xda g:/stm32cubeide_1.4.0/stm32cubeide/plugins/com.st.stm32cube.ide.mcu.externaltools.gnu-tools-for-stm32.9-2020-q2-update.win32_1.5.0.202011040924/tools/bin/../lib/gcc/arm-none-eabi/9.3.1/../../../../arm-none-eabi/lib/thumb/v7e-m+fp/hard\libc_nano.a(lib_a-nano-vfprintf_i.o)
                0x0000000008005060                _printf_common
 *fill*         0x000000000800513a        0x2 
 .text._printf_i
                0x000000000800513c      0x24c g:/stm32cubeide_1.4.0/stm32cubeide/plugins/com.st.stm32cube.ide.mcu.externaltools.gnu-tools-for-stm32.9-2020-q2-update.win32_1.5.0.202011040924/tools/bin/../lib/gcc/arm-none-eabi/9.3.1/../../../../arm-none-eabi/lib/thumb/v7e-m+fp/hard\libc_nano.a(lib_a-nano-vfprintf_i.o)
                0x000000000800513c                _printf_i
 .text.memcpy   0x0000000008005388       0x1c g:/stm32cubeide_1.4.0/stm32cubeide/plugins/com.st.stm32cube.ide.mcu.externaltools.gnu-tools-for-stm32.9-2020-q2-update.win32_1.5.0.202011040924/tools/bin/../lib/gcc/arm-none-eabi/9.3.1/../../../../arm-none-eabi/lib/thumb/v7e-m+fp/hard\libc_nano.a(lib_a-memcpy-stub.o)
                0x0000000008005388                memcpy
 .text.memmove  0x00000000080053a4       0x34 g:/stm32cubeide_1.4.0/stm32cubeide/plugins/com.st.stm32cube.ide.mcu.externaltools.gnu-tools-for-stm32.9-2020-q2-update.win32_1.5.0.202011040924/tools/bin/../lib/gcc/arm-none-eabi/9.3.1/../../../../arm-none-eabi/lib/thumb/v7e-m+fp/hard\libc_nano.a(lib_a-memmove.o)
                0x00000000080053a4                memmove
 .text._free_r  0x00000000080053d8       0xa0 g:/stm32cubeide_1.4.0/stm32cubeide/plugins/com.st.stm32cube.ide.mcu.externaltools.gnu-tools-for-stm32.9-2020-q2-update.win32_1.5.0.202011040924/tools/bin/../lib/gcc/arm-none-eabi/9.3.1/../../../../arm-none-eabi/lib/thumb/v7e-m+fp/hard\libc_nano.a(lib_a-nano-freer.o)
                0x00000000080053d8                _free_r
 .text._malloc_r
                0x0000000008005478       0xb4 g:/stm32cubeide_1.4.0/stm32cubeide/plugins/com.st.stm32cube.ide.mcu.externaltools.gnu-tools-for-stm32.9-2020-q2-update.win32_1.5.0.202011040924/tools/bin/../lib/gcc/arm-none-eabi/9.3.1/../../../../arm-none-eabi/lib/thumb/v7e-m+fp/hard\libc_nano.a(lib_a-nano-mallocr.o)
                0x0000000008005478                _malloc_r
 .text._realloc_r
                0x000000000800552c       0x4c g:/stm32cubeide_1.4.0/stm32cubeide/plugins/com.st.stm32cube.ide.mcu.externaltools.gnu-tools-for-stm32.9-2020-q2-update.win32_1.5.0.202011040924/tools/bin/../lib/gcc/arm-none-eabi/9.3.1/../../../../arm-none-eabi/lib/thumb/v7e-m+fp/hard\libc_nano.a(lib_a-nano-reallocr.o)
                0x000000000800552c                _realloc_r
 .text._sbrk_r  0x0000000008005578       0x20 g:/stm32cubeide_1.4.0/stm32cubeide/plugins/com.st.stm32cube.ide.mcu.externaltools.gnu-tools-for-stm32.9-2020-q2-update.win32_1.5.0.202011040924/tools/bin/../lib/gcc/arm-none-eabi/9.3.1/../../../../arm-none-eabi/lib/thumb/v7e-m+fp/hard\libc_nano.a(lib_a-sbrkr.o)
                0x0000000008005578                _sbrk_r
 .text.__malloc_lock
                0x0000000008005598        0xc g:/stm32cubeide_1.4.0/stm32cubeide/plugins/com.st.stm32cube.ide.mcu.externaltools.gnu-tools-for-stm32.9-2020-q2-update.win32_1.5.0.202011040924/tools/bin/../lib/gcc/arm-none-eabi/9.3.1/../../../../arm-none-eabi/lib/thumb/v7e-m+fp/hard\libc_nano.a(lib_a-mlock.o)
                0x0000000008005598                __malloc_lock
 .text.__malloc_unlock
                0x00000000080055a4        0xc g:/stm32cubeide_1.4.0/stm32cubeide/plugins/com.st.stm32cube.ide.mcu.externaltools.gnu-tools-for-stm32.9-2020-q2-update.win32_1.5.0.202011040924/tools/bin/../lib/gcc/arm-none-eabi/9.3.1/../../../../arm-none-eabi/lib/thumb/v7e-m+fp/hard\libc_nano.a(lib_a-mlock.o)
                0x00000000080055a4                __malloc_unlock
 .text._malloc_usable_size_r
                0x00000000080055b0       0x10 g:/stm32cubeide_1.4.0/stm32cubeide/plugins/com.st.stm32cube.ide.mcu.externaltools.gnu-tools-for-stm32.9-2020-q2-update.win32_1.5.0.202011040924/tools/bin/../lib/gcc/arm-none-eabi/9.3.1/../../../../arm-none-eabi/lib/thumb/v7e-m+fp/hard\libc_nano.a(lib_a-nano-msizer.o)
                0x00000000080055b0                _malloc_usable_size_r
 .text.__retarget_lock_acquire_recursive
                0x00000000080055c0        0x2 g:/stm32cubeide_1.4.0/stm32cubeide/plugins/com.st.stm32cube.ide.mcu.externaltools.gnu-tools-for-stm32.9-2020-q2-update.win32_1.5.0.202011040924/tools/bin/../lib/gcc/arm-none-eabi/9.3.1/../../../../arm-none-eabi/lib/thumb/v7e-m+fp/hard\libc_nano.a(lib_a-lock.o)
                0x00000000080055c0                __retarget_lock_acquire_recursive
 .text.__retarget_lock_release_recursive
                0x00000000080055c2        0x2 g:/stm32cubeide_1.4.0/stm32cubeide/plugins/com.st.stm32cube.ide.mcu.externaltools.gnu-tools-for-stm32.9-2020-q2-update.win32_1.5.0.202011040924/tools/bin/../lib/gcc/arm-none-eabi/9.3.1/../../../../arm-none-eabi/lib/thumb/v7e-m+fp/hard\libc_nano.a(lib_a-lock.o)
                0x00000000080055c2                __retarget_lock_release_recursive
 *(.glue_7)
 .glue_7        0x00000000080055c4        0x0 linker stubs
 *(.glue_7t)
 .glue_7t       0x00000000080055c4        0x0 linker stubs
 *(.eh_frame)
 .eh_frame      0x00000000080055c4        0x0 g:/stm32cubeide_1.4.0/stm32cubeide/plugins/com.st.stm32cube.ide.mcu.externaltools.gnu-tools-for-stm32.9-2020-q2-update.win32_1.5.0.202011040924/tools/bin/../lib/gcc/arm-none-eabi/9.3.1/thumb/v7e-m+fp/hard/crtbegin.o
 *(.init)
 .init          0x00000000080055c4        0x4 g:/stm32cubeide_1.4.0/stm32cubeide/plugins/com.st.stm32cube.ide.mcu.externaltools.gnu-tools-for-stm32.9-2020-q2-update.win32_1.5.0.202011040924/tools/bin/../lib/gcc/arm-none-eabi/9.3.1/thumb/v7e-m+fp/hard/crti.o
                0x00000000080055c4                _init
 .init          0x00000000080055c8        0x8 g:/stm32cubeide_1.4.0/stm32cubeide/plugins/com.st.stm32cube.ide.mcu.externaltools.gnu-tools-for-stm32.9-2020-q2-update.win32_1.5.0.202011040924/tools/bin/../lib/gcc/arm-none-eabi/9.3.1/thumb/v7e-m+fp/hard/crtn.o
 *(.fini)
 .fini          0x00000000080055d0        0x4 g:/stm32cubeide_1.4.0/stm32cubeide/plugins/com.st.stm32cube.ide.mcu.externaltools.gnu-tools-for-stm32.9-2020-q2-update.win32_1.5.0.202011040924/tools/bin/../lib/gcc/arm-none-eabi/9.3.1/thumb/v7e-m+fp/hard/crti.o
                0x00000000080055d0                _fini
 .fini          0x00000000080055d4        0x8 g:/stm32cubeide_1.4.0/stm32cubeide/plugins/com.st.stm32cube.ide.mcu.externaltools.gnu-tools-for-stm32.9-2020-q2-update.win32_1.5.0.202011040924/tools/bin/../lib/gcc/arm-none-eabi/9.3.1/thumb/v7e-m+fp/hard/crtn.o
                0x00000000080055dc                . = ALIGN (0x4)
                0x00000000080055dc                _etext = .

.vfp11_veneer   0x00000000080055dc        0x0
 .vfp11_veneer  0x00000000080055dc        0x0 linker stubs

.v4_bx          0x00000000080055dc        0x0
 .v4_bx         0x00000000080055dc        0x0 linker stubs

.iplt           0x00000000080055dc        0x0
 .iplt          0x00000000080055dc        0x0 g:/stm32cubeide_1.4.0/stm32cubeide/plugins/com.st.stm32cube.ide.mcu.externaltools.gnu-tools-for-stm32.9-2020-q2-update.win32_1.5.0.202011040924/tools/bin/../lib/gcc/arm-none-eabi/9.3.1/thumb/v7e-m+fp/hard/crtbegin.o

.rodata         0x00000000080055dc       0x8c
                0x00000000080055dc                . = ALIGN (0x4)
 *(.rodata)
 .rodata        0x00000000080055dc       0x36 Core/Src/usart.o
 *(.rodata*)
 *fill*         0x0000000008005612        0x2 
 .rodata.AHBPrescTable
                0x0000000008005614       0x10 Core/Src/system_stm32f4xx.o
                0x0000000008005614                AHBPrescTable
 .rodata.APBPrescTable
                0x0000000008005624        0x8 Core/Src/system_stm32f4xx.o
                0x0000000008005624                APBPrescTable
 .rodata.flagBitshiftOffset.8311
                0x000000000800562c        0x8 Drivers/STM32F4xx_HAL_Driver/Src/stm32f4xx_hal_dma.o
 .rodata._svfprintf_r.str1.1
                0x0000000008005634       0x11 g:/stm32cubeide_1.4.0/stm32cubeide/plugins/com.st.stm32cube.ide.mcu.externaltools.gnu-tools-for-stm32.9-2020-q2-update.win32_1.5.0.202011040924/tools/bin/../lib/gcc/arm-none-eabi/9.3.1/../../../../arm-none-eabi/lib/thumb/v7e-m+fp/hard\libc_nano.a(lib_a-nano-svfprintf.o)
 .rodata._printf_i.str1.1
                0x0000000008005645       0x22 g:/stm32cubeide_1.4.0/stm32cubeide/plugins/com.st.stm32cube.ide.mcu.externaltools.gnu-tools-for-stm32.9-2020-q2-update.win32_1.5.0.202011040924/tools/bin/../lib/gcc/arm-none-eabi/9.3.1/../../../../arm-none-eabi/lib/thumb/v7e-m+fp/hard\libc_nano.a(lib_a-nano-vfprintf_i.o)
                0x0000000008005668                . = ALIGN (0x4)
 *fill*         0x0000000008005667        0x1 

.ARM.extab      0x0000000008005668        0x0
                0x0000000008005668                . = ALIGN (0x4)
 *(.ARM.extab* .gnu.linkonce.armextab.*)
                0x0000000008005668                . = ALIGN (0x4)

.ARM            0x0000000008005668        0x8
                0x0000000008005668                . = ALIGN (0x4)
                0x0000000008005668                __exidx_start = .
 *(.ARM.exidx*)
 .ARM.exidx     0x0000000008005668        0x8 g:/stm32cubeide_1.4.0/stm32cubeide/plugins/com.st.stm32cube.ide.mcu.externaltools.gnu-tools-for-stm32.9-2020-q2-update.win32_1.5.0.202011040924/tools/bin/../lib/gcc/arm-none-eabi/9.3.1/thumb/v7e-m+fp/hard\libgcc.a(_udivmoddi4.o)
                0x0000000008005670                __exidx_end = .
                0x0000000008005670                . = ALIGN (0x4)

.rel.dyn        0x0000000008005670        0x0
 .rel.iplt      0x0000000008005670        0x0 g:/stm32cubeide_1.4.0/stm32cubeide/plugins/com.st.stm32cube.ide.mcu.externaltools.gnu-tools-for-stm32.9-2020-q2-update.win32_1.5.0.202011040924/tools/bin/../lib/gcc/arm-none-eabi/9.3.1/thumb/v7e-m+fp/hard/crtbegin.o

.preinit_array  0x0000000008005670        0x0
                0x0000000008005670                . = ALIGN (0x4)
                0x0000000008005670                PROVIDE (__preinit_array_start = .)
 *(.preinit_array*)
                0x0000000008005670                PROVIDE (__preinit_array_end = .)
                0x0000000008005670                . = ALIGN (0x4)

.init_array     0x0000000008005670        0x4
                0x0000000008005670                . = ALIGN (0x4)
                0x0000000008005670                PROVIDE (__init_array_start = .)
 *(SORT_BY_NAME(.init_array.*))
 *(.init_array*)
 .init_array    0x0000000008005670        0x4 g:/stm32cubeide_1.4.0/stm32cubeide/plugins/com.st.stm32cube.ide.mcu.externaltools.gnu-tools-for-stm32.9-2020-q2-update.win32_1.5.0.202011040924/tools/bin/../lib/gcc/arm-none-eabi/9.3.1/thumb/v7e-m+fp/hard/crtbegin.o
                0x0000000008005674                PROVIDE (__init_array_end = .)
                0x0000000008005674                . = ALIGN (0x4)

.fini_array     0x0000000008005674        0x4
                0x0000000008005674                . = ALIGN (0x4)
                [!provide]                        PROVIDE (__fini_array_start = .)
 *(SORT_BY_NAME(.fini_array.*))
 *(.fini_array*)
 .fini_array    0x0000000008005674        0x4 g:/stm32cubeide_1.4.0/stm32cubeide/plugins/com.st.stm32cube.ide.mcu.externaltools.gnu-tools-for-stm32.9-2020-q2-update.win32_1.5.0.202011040924/tools/bin/../lib/gcc/arm-none-eabi/9.3.1/thumb/v7e-m+fp/hard/crtbegin.o
                [!provide]                        PROVIDE (__fini_array_end = .)
                0x0000000008005678                . = ALIGN (0x4)
                0x0000000008005678                _sidata = LOADADDR (.data)

.data           0x0000000020000000       0x80 load address 0x0000000008005678
                0x0000000020000000                . = ALIGN (0x4)
                0x0000000020000000                _sdata = .
 *(.data)
 *(.data*)
 .data.US_mess  0x0000000020000000       0x10 Core/Src/main.o
                0x0000000020000000                US_mess
 .data.SystemCoreClock
                0x0000000020000010        0x4 Core/Src/system_stm32f4xx.o
                0x0000000020000010                SystemCoreClock
 .data.uwTickPrio
                0x0000000020000014        0x4 Drivers/STM32F4xx_HAL_Driver/Src/stm32f4xx_hal.o
                0x0000000020000014                uwTickPrio
 .data.uwTickFreq
                0x0000000020000018        0x1 Drivers/STM32F4xx_HAL_Driver/Src/stm32f4xx_hal.o
                0x0000000020000018                uwTickFreq
 *fill*         0x0000000020000019        0x3 
 .data._impure_ptr
                0x000000002000001c        0x4 g:/stm32cubeide_1.4.0/stm32cubeide/plugins/com.st.stm32cube.ide.mcu.externaltools.gnu-tools-for-stm32.9-2020-q2-update.win32_1.5.0.202011040924/tools/bin/../lib/gcc/arm-none-eabi/9.3.1/../../../../arm-none-eabi/lib/thumb/v7e-m+fp/hard\libc_nano.a(lib_a-impure.o)
                0x000000002000001c                _impure_ptr
 .data.impure_data
                0x0000000020000020       0x60 g:/stm32cubeide_1.4.0/stm32cubeide/plugins/com.st.stm32cube.ide.mcu.externaltools.gnu-tools-for-stm32.9-2020-q2-update.win32_1.5.0.202011040924/tools/bin/../lib/gcc/arm-none-eabi/9.3.1/../../../../arm-none-eabi/lib/thumb/v7e-m+fp/hard\libc_nano.a(lib_a-impure.o)
                0x0000000020000080                . = ALIGN (0x4)
                0x0000000020000080                _edata = .

.igot.plt       0x0000000020000080        0x0 load address 0x00000000080056f8
 .igot.plt      0x0000000020000080        0x0 g:/stm32cubeide_1.4.0/stm32cubeide/plugins/com.st.stm32cube.ide.mcu.externaltools.gnu-tools-for-stm32.9-2020-q2-update.win32_1.5.0.202011040924/tools/bin/../lib/gcc/arm-none-eabi/9.3.1/thumb/v7e-m+fp/hard/crtbegin.o
                0x0000000020000080                . = ALIGN (0x4)

.bss            0x0000000020000080    0x13130 load address 0x00000000080056f8
                0x0000000020000080                _sbss = .
                0x0000000020000080                __bss_start__ = _sbss
 *(.bss)
 .bss           0x0000000020000080       0x1c g:/stm32cubeide_1.4.0/stm32cubeide/plugins/com.st.stm32cube.ide.mcu.externaltools.gnu-tools-for-stm32.9-2020-q2-update.win32_1.5.0.202011040924/tools/bin/../lib/gcc/arm-none-eabi/9.3.1/thumb/v7e-m+fp/hard/crtbegin.o
 *(.bss*)
 .bss.heap_end.6585
                0x000000002000009c        0x4 Core/Src/sysmem.o
 .bss.RxRollover
                0x00000000200000a0        0x1 Core/Src/usart.o
                0x00000000200000a0                RxRollover
 .bss.RxCounter
                0x00000000200000a1        0x1 Core/Src/usart.o
                0x00000000200000a1                RxCounter
 .bss.RxBfrPos  0x00000000200000a2        0x1 Core/Src/usart.o
                0x00000000200000a2                RxBfrPos
 .bss.TxCounter
                0x00000000200000a3        0x1 Core/Src/usart.o
                0x00000000200000a3                TxCounter
 .bss.__malloc_free_list
                0x00000000200000a4        0x4 g:/stm32cubeide_1.4.0/stm32cubeide/plugins/com.st.stm32cube.ide.mcu.externaltools.gnu-tools-for-stm32.9-2020-q2-update.win32_1.5.0.202011040924/tools/bin/../lib/gcc/arm-none-eabi/9.3.1/../../../../arm-none-eabi/lib/thumb/v7e-m+fp/hard\libc_nano.a(lib_a-nano-mallocr.o)
                0x00000000200000a4                __malloc_free_list
 .bss.__malloc_sbrk_start
                0x00000000200000a8        0x4 g:/stm32cubeide_1.4.0/stm32cubeide/plugins/com.st.stm32cube.ide.mcu.externaltools.gnu-tools-for-stm32.9-2020-q2-update.win32_1.5.0.202011040924/tools/bin/../lib/gcc/arm-none-eabi/9.3.1/../../../../arm-none-eabi/lib/thumb/v7e-m+fp/hard\libc_nano.a(lib_a-nano-mallocr.o)
                0x00000000200000a8                __malloc_sbrk_start
 *(COMMON)
 COMMON         0x00000000200000ac    0x12cfc Core/Src/dma.o
                0x00000000200000ac                VGA
                0x00000000200000b8                VGA_RAM1
 COMMON         0x0000000020012da8      0x100 Core/Src/main.o
                0x0000000020012da8                UART2_rxBuffer
 COMMON         0x0000000020012ea8       0xf0 Core/Src/tim.o
                0x0000000020012ea8                htim1
                0x0000000020012ef0                hdma_tim1_up
                0x0000000020012f50                htim2
 COMMON         0x0000000020012f98      0x204 Core/Src/usart.o
                0x0000000020012f98                hdma_usart2_rx
                0x0000000020012ff8                hdma_usart2_tx
                0x0000000020013058                UART2_txBuffer
                0x0000000020013158                huart2
 COMMON         0x000000002001319c        0x4 Drivers/STM32F4xx_HAL_Driver/Src/stm32f4xx_hal.o
                0x000000002001319c                uwTick
 COMMON         0x00000000200131a0        0x4 g:/stm32cubeide_1.4.0/stm32cubeide/plugins/com.st.stm32cube.ide.mcu.externaltools.gnu-tools-for-stm32.9-2020-q2-update.win32_1.5.0.202011040924/tools/bin/../lib/gcc/arm-none-eabi/9.3.1/../../../../arm-none-eabi/lib/thumb/v7e-m+fp/hard\libc_nano.a(lib_a-reent.o)
                0x00000000200131a0                errno
 COMMON         0x00000000200131a4        0x9 g:/stm32cubeide_1.4.0/stm32cubeide/plugins/com.st.stm32cube.ide.mcu.externaltools.gnu-tools-for-stm32.9-2020-q2-update.win32_1.5.0.202011040924/tools/bin/../lib/gcc/arm-none-eabi/9.3.1/../../../../arm-none-eabi/lib/thumb/v7e-m+fp/hard\libc_nano.a(lib_a-lock.o)
                0x00000000200131a4                __lock___atexit_recursive_mutex
                0x00000000200131a5                __lock___arc4random_mutex
                0x00000000200131a6                __lock___env_recursive_mutex
                0x00000000200131a7                __lock___sinit_recursive_mutex
                0x00000000200131a8                __lock___malloc_recursive_mutex
                0x00000000200131a9                __lock___at_quick_exit_mutex
                0x00000000200131aa                __lock___dd_hash_mutex
                0x00000000200131ab                __lock___tz_mutex
                0x00000000200131ac                __lock___sfp_recursive_mutex
                0x00000000200131b0                . = ALIGN (0x4)
 *fill*         0x00000000200131ad        0x3 
                0x00000000200131b0                _ebss = .
                0x00000000200131b0                __bss_end__ = _ebss

._user_heap_stack
                0x00000000200131b0      0x600 load address 0x00000000080056f8
                0x00000000200131b0                . = ALIGN (0x8)
                0x00000000200131b0                PROVIDE (end = .)
                [!provide]                        PROVIDE (_end = .)
                0x00000000200133b0                . = (. + _Min_Heap_Size)
 *fill*         0x00000000200131b0      0x200 
                0x00000000200137b0                . = (. + _Min_Stack_Size)
 *fill*         0x00000000200133b0      0x400 
                0x00000000200137b0                . = ALIGN (0x8)

/DISCARD/
 libc.a(*)
 libm.a(*)
 libgcc.a(*)

.ARM.attributes
                0x0000000000000000       0x30
 *(.ARM.attributes)
 .ARM.attributes
                0x0000000000000000       0x1e g:/stm32cubeide_1.4.0/stm32cubeide/plugins/com.st.stm32cube.ide.mcu.externaltools.gnu-tools-for-stm32.9-2020-q2-update.win32_1.5.0.202011040924/tools/bin/../lib/gcc/arm-none-eabi/9.3.1/thumb/v7e-m+fp/hard/crti.o
 .ARM.attributes
                0x000000000000001e       0x34 g:/stm32cubeide_1.4.0/stm32cubeide/plugins/com.st.stm32cube.ide.mcu.externaltools.gnu-tools-for-stm32.9-2020-q2-update.win32_1.5.0.202011040924/tools/bin/../lib/gcc/arm-none-eabi/9.3.1/thumb/v7e-m+fp/hard/crtbegin.o
 .ARM.attributes
                0x0000000000000052       0x34 Core/Src/dma.o
 .ARM.attributes
                0x0000000000000086       0x34 Core/Src/gpio.o
 .ARM.attributes
                0x00000000000000ba       0x34 Core/Src/main.o
 .ARM.attributes
                0x00000000000000ee       0x34 Core/Src/stm32_ub_vga_screen.o
 .ARM.attributes
                0x0000000000000122       0x34 Core/Src/stm32f4xx_hal_msp.o
 .ARM.attributes
                0x0000000000000156       0x34 Core/Src/stm32f4xx_it.o
 .ARM.attributes
                0x000000000000018a       0x34 Core/Src/sysmem.o
 .ARM.attributes
                0x00000000000001be       0x34 Core/Src/system_stm32f4xx.o
 .ARM.attributes
                0x00000000000001f2       0x34 Core/Src/tim.o
 .ARM.attributes
                0x0000000000000226       0x34 Core/Src/usart.o
 .ARM.attributes
                0x000000000000025a       0x21 Core/Startup/startup_stm32f407vgtx.o
 .ARM.attributes
                0x000000000000027b       0x34 Drivers/STM32F4xx_HAL_Driver/Src/stm32f4xx_hal.o
 .ARM.attributes
                0x00000000000002af       0x34 Drivers/STM32F4xx_HAL_Driver/Src/stm32f4xx_hal_cortex.o
 .ARM.attributes
                0x00000000000002e3       0x34 Drivers/STM32F4xx_HAL_Driver/Src/stm32f4xx_hal_dma.o
 .ARM.attributes
                0x0000000000000317       0x34 Drivers/STM32F4xx_HAL_Driver/Src/stm32f4xx_hal_gpio.o
 .ARM.attributes
                0x000000000000034b       0x34 Drivers/STM32F4xx_HAL_Driver/Src/stm32f4xx_hal_rcc.o
 .ARM.attributes
                0x000000000000037f       0x34 Drivers/STM32F4xx_HAL_Driver/Src/stm32f4xx_hal_tim.o
 .ARM.attributes
                0x00000000000003b3       0x34 Drivers/STM32F4xx_HAL_Driver/Src/stm32f4xx_hal_tim_ex.o
 .ARM.attributes
                0x00000000000003e7       0x34 Drivers/STM32F4xx_HAL_Driver/Src/stm32f4xx_hal_uart.o
 .ARM.attributes
                0x000000000000041b       0x34 EE-API-library/Src/API_draw.o
 .ARM.attributes
                0x000000000000044f       0x34 EE-API-library/Src/API_io.o
 .ARM.attributes
                0x0000000000000483       0x34 g:/stm32cubeide_1.4.0/stm32cubeide/plugins/com.st.stm32cube.ide.mcu.externaltools.gnu-tools-for-stm32.9-2020-q2-update.win32_1.5.0.202011040924/tools/bin/../lib/gcc/arm-none-eabi/9.3.1/../../../../arm-none-eabi/lib/thumb/v7e-m+fp/hard\libc_nano.a(lib_a-errno.o)
 .ARM.attributes
                0x00000000000004b7       0x32 g:/stm32cubeide_1.4.0/stm32cubeide/plugins/com.st.stm32cube.ide.mcu.externaltools.gnu-tools-for-stm32.9-2020-q2-update.win32_1.5.0.202011040924/tools/bin/../lib/gcc/arm-none-eabi/9.3.1/../../../../arm-none-eabi/lib/thumb/v7e-m+fp/hard\libc_nano.a(lib_a-impure.o)
 .ARM.attributes
                0x00000000000004e9       0x34 g:/stm32cubeide_1.4.0/stm32cubeide/plugins/com.st.stm32cube.ide.mcu.externaltools.gnu-tools-for-stm32.9-2020-q2-update.win32_1.5.0.202011040924/tools/bin/../lib/gcc/arm-none-eabi/9.3.1/../../../../arm-none-eabi/lib/thumb/v7e-m+fp/hard\libc_nano.a(lib_a-init.o)
 .ARM.attributes
                0x000000000000051d       0x34 g:/stm32cubeide_1.4.0/stm32cubeide/plugins/com.st.stm32cube.ide.mcu.externaltools.gnu-tools-for-stm32.9-2020-q2-update.win32_1.5.0.202011040924/tools/bin/../lib/gcc/arm-none-eabi/9.3.1/../../../../arm-none-eabi/lib/thumb/v7e-m+fp/hard\libc_nano.a(lib_a-memset.o)
 .ARM.attributes
                0x0000000000000551       0x34 g:/stm32cubeide_1.4.0/stm32cubeide/plugins/com.st.stm32cube.ide.mcu.externaltools.gnu-tools-for-stm32.9-2020-q2-update.win32_1.5.0.202011040924/tools/bin/../lib/gcc/arm-none-eabi/9.3.1/../../../../arm-none-eabi/lib/thumb/v7e-m+fp/hard\libc_nano.a(lib_a-sprintf.o)
 .ARM.attributes
                0x0000000000000585       0x17 g:/stm32cubeide_1.4.0/stm32cubeide/plugins/com.st.stm32cube.ide.mcu.externaltools.gnu-tools-for-stm32.9-2020-q2-update.win32_1.5.0.202011040924/tools/bin/../lib/gcc/arm-none-eabi/9.3.1/../../../../arm-none-eabi/lib/thumb/v7e-m+fp/hard\libc_nano.a(lib_a-strlen.o)
 .ARM.attributes
                0x000000000000059c       0x34 g:/stm32cubeide_1.4.0/stm32cubeide/plugins/com.st.stm32cube.ide.mcu.externaltools.gnu-tools-for-stm32.9-2020-q2-update.win32_1.5.0.202011040924/tools/bin/../lib/gcc/arm-none-eabi/9.3.1/../../../../arm-none-eabi/lib/thumb/v7e-m+fp/hard\libc_nano.a(lib_a-nano-svfprintf.o)
 .ARM.attributes
                0x00000000000005d0       0x34 g:/stm32cubeide_1.4.0/stm32cubeide/plugins/com.st.stm32cube.ide.mcu.externaltools.gnu-tools-for-stm32.9-2020-q2-update.win32_1.5.0.202011040924/tools/bin/../lib/gcc/arm-none-eabi/9.3.1/../../../../arm-none-eabi/lib/thumb/v7e-m+fp/hard\libc_nano.a(lib_a-nano-vfprintf_i.o)
 .ARM.attributes
                0x0000000000000604       0x1c g:/stm32cubeide_1.4.0/stm32cubeide/plugins/com.st.stm32cube.ide.mcu.externaltools.gnu-tools-for-stm32.9-2020-q2-update.win32_1.5.0.202011040924/tools/bin/../lib/gcc/arm-none-eabi/9.3.1/../../../../arm-none-eabi/lib/thumb/v7e-m+fp/hard\libc_nano.a(lib_a-memchr.o)
 .ARM.attributes
                0x0000000000000620       0x34 g:/stm32cubeide_1.4.0/stm32cubeide/plugins/com.st.stm32cube.ide.mcu.externaltools.gnu-tools-for-stm32.9-2020-q2-update.win32_1.5.0.202011040924/tools/bin/../lib/gcc/arm-none-eabi/9.3.1/../../../../arm-none-eabi/lib/thumb/v7e-m+fp/hard\libc_nano.a(lib_a-memcpy-stub.o)
 .ARM.attributes
                0x0000000000000654       0x34 g:/stm32cubeide_1.4.0/stm32cubeide/plugins/com.st.stm32cube.ide.mcu.externaltools.gnu-tools-for-stm32.9-2020-q2-update.win32_1.5.0.202011040924/tools/bin/../lib/gcc/arm-none-eabi/9.3.1/../../../../arm-none-eabi/lib/thumb/v7e-m+fp/hard\libc_nano.a(lib_a-memmove.o)
 .ARM.attributes
                0x0000000000000688       0x34 g:/stm32cubeide_1.4.0/stm32cubeide/plugins/com.st.stm32cube.ide.mcu.externaltools.gnu-tools-for-stm32.9-2020-q2-update.win32_1.5.0.202011040924/tools/bin/../lib/gcc/arm-none-eabi/9.3.1/../../../../arm-none-eabi/lib/thumb/v7e-m+fp/hard\libc_nano.a(lib_a-nano-freer.o)
 .ARM.attributes
                0x00000000000006bc       0x34 g:/stm32cubeide_1.4.0/stm32cubeide/plugins/com.st.stm32cube.ide.mcu.externaltools.gnu-tools-for-stm32.9-2020-q2-update.win32_1.5.0.202011040924/tools/bin/../lib/gcc/arm-none-eabi/9.3.1/../../../../arm-none-eabi/lib/thumb/v7e-m+fp/hard\libc_nano.a(lib_a-nano-mallocr.o)
 .ARM.attributes
                0x00000000000006f0       0x34 g:/stm32cubeide_1.4.0/stm32cubeide/plugins/com.st.stm32cube.ide.mcu.externaltools.gnu-tools-for-stm32.9-2020-q2-update.win32_1.5.0.202011040924/tools/bin/../lib/gcc/arm-none-eabi/9.3.1/../../../../arm-none-eabi/lib/thumb/v7e-m+fp/hard\libc_nano.a(lib_a-nano-reallocr.o)
 .ARM.attributes
                0x0000000000000724       0x34 g:/stm32cubeide_1.4.0/stm32cubeide/plugins/com.st.stm32cube.ide.mcu.externaltools.gnu-tools-for-stm32.9-2020-q2-update.win32_1.5.0.202011040924/tools/bin/../lib/gcc/arm-none-eabi/9.3.1/../../../../arm-none-eabi/lib/thumb/v7e-m+fp/hard\libc_nano.a(lib_a-sbrkr.o)
 .ARM.attributes
                0x0000000000000758       0x34 g:/stm32cubeide_1.4.0/stm32cubeide/plugins/com.st.stm32cube.ide.mcu.externaltools.gnu-tools-for-stm32.9-2020-q2-update.win32_1.5.0.202011040924/tools/bin/../lib/gcc/arm-none-eabi/9.3.1/../../../../arm-none-eabi/lib/thumb/v7e-m+fp/hard\libc_nano.a(lib_a-mlock.o)
 .ARM.attributes
                0x000000000000078c       0x34 g:/stm32cubeide_1.4.0/stm32cubeide/plugins/com.st.stm32cube.ide.mcu.externaltools.gnu-tools-for-stm32.9-2020-q2-update.win32_1.5.0.202011040924/tools/bin/../lib/gcc/arm-none-eabi/9.3.1/../../../../arm-none-eabi/lib/thumb/v7e-m+fp/hard\libc_nano.a(lib_a-nano-msizer.o)
 .ARM.attributes
                0x00000000000007c0       0x34 g:/stm32cubeide_1.4.0/stm32cubeide/plugins/com.st.stm32cube.ide.mcu.externaltools.gnu-tools-for-stm32.9-2020-q2-update.win32_1.5.0.202011040924/tools/bin/../lib/gcc/arm-none-eabi/9.3.1/../../../../arm-none-eabi/lib/thumb/v7e-m+fp/hard\libc_nano.a(lib_a-reent.o)
 .ARM.attributes
                0x00000000000007f4       0x34 g:/stm32cubeide_1.4.0/stm32cubeide/plugins/com.st.stm32cube.ide.mcu.externaltools.gnu-tools-for-stm32.9-2020-q2-update.win32_1.5.0.202011040924/tools/bin/../lib/gcc/arm-none-eabi/9.3.1/../../../../arm-none-eabi/lib/thumb/v7e-m+fp/hard\libc_nano.a(lib_a-lock.o)
 .ARM.attributes
                0x0000000000000828       0x1e g:/stm32cubeide_1.4.0/stm32cubeide/plugins/com.st.stm32cube.ide.mcu.externaltools.gnu-tools-for-stm32.9-2020-q2-update.win32_1.5.0.202011040924/tools/bin/../lib/gcc/arm-none-eabi/9.3.1/thumb/v7e-m+fp/hard\libgcc.a(_aeabi_uldivmod.o)
 .ARM.attributes
                0x0000000000000846       0x34 g:/stm32cubeide_1.4.0/stm32cubeide/plugins/com.st.stm32cube.ide.mcu.externaltools.gnu-tools-for-stm32.9-2020-q2-update.win32_1.5.0.202011040924/tools/bin/../lib/gcc/arm-none-eabi/9.3.1/thumb/v7e-m+fp/hard\libgcc.a(_udivmoddi4.o)
 .ARM.attributes
                0x000000000000087a       0x1e g:/stm32cubeide_1.4.0/stm32cubeide/plugins/com.st.stm32cube.ide.mcu.externaltools.gnu-tools-for-stm32.9-2020-q2-update.win32_1.5.0.202011040924/tools/bin/../lib/gcc/arm-none-eabi/9.3.1/thumb/v7e-m+fp/hard\libgcc.a(_dvmd_tls.o)
 .ARM.attributes
                0x0000000000000898       0x1e g:/stm32cubeide_1.4.0/stm32cubeide/plugins/com.st.stm32cube.ide.mcu.externaltools.gnu-tools-for-stm32.9-2020-q2-update.win32_1.5.0.202011040924/tools/bin/../lib/gcc/arm-none-eabi/9.3.1/thumb/v7e-m+fp/hard/crtn.o
OUTPUT(VGAnuS_Software-Ontwikkeling.elf elf32-littlearm)
LOAD linker stubs
LOAD g:/stm32cubeide_1.4.0/stm32cubeide/plugins/com.st.stm32cube.ide.mcu.externaltools.gnu-tools-for-stm32.9-2020-q2-update.win32_1.5.0.202011040924/tools/bin/../lib/gcc/arm-none-eabi/9.3.1/../../../../arm-none-eabi/lib/thumb/v7e-m+fp/hard\libc.a
LOAD g:/stm32cubeide_1.4.0/stm32cubeide/plugins/com.st.stm32cube.ide.mcu.externaltools.gnu-tools-for-stm32.9-2020-q2-update.win32_1.5.0.202011040924/tools/bin/../lib/gcc/arm-none-eabi/9.3.1/../../../../arm-none-eabi/lib/thumb/v7e-m+fp/hard\libm.a
LOAD g:/stm32cubeide_1.4.0/stm32cubeide/plugins/com.st.stm32cube.ide.mcu.externaltools.gnu-tools-for-stm32.9-2020-q2-update.win32_1.5.0.202011040924/tools/bin/../lib/gcc/arm-none-eabi/9.3.1/thumb/v7e-m+fp/hard\libgcc.a

.debug_info     0x0000000000000000    0x14993
 .debug_info    0x0000000000000000      0xee7 Core/Src/dma.o
 .debug_info    0x0000000000000ee7      0xe28 Core/Src/gpio.o
 .debug_info    0x0000000000001d0f     0x19d0 Core/Src/main.o
 .debug_info    0x00000000000036df     0x11d2 Core/Src/stm32_ub_vga_screen.o
 .debug_info    0x00000000000048b1      0xcc2 Core/Src/stm32f4xx_hal_msp.o
 .debug_info    0x0000000000005573     0x1496 Core/Src/stm32f4xx_it.o
 .debug_info    0x0000000000006a09      0x9b5 Core/Src/sysmem.o
 .debug_info    0x00000000000073be      0x5a4 Core/Src/system_stm32f4xx.o
 .debug_info    0x0000000000007962     0x183b Core/Src/tim.o
 .debug_info    0x000000000000919d     0x16a0 Core/Src/usart.o
 .debug_info    0x000000000000a83d       0x22 Core/Startup/startup_stm32f407vgtx.o
 .debug_info    0x000000000000a85f      0x9b2 Drivers/STM32F4xx_HAL_Driver/Src/stm32f4xx_hal.o
 .debug_info    0x000000000000b211      0xed7 Drivers/STM32F4xx_HAL_Driver/Src/stm32f4xx_hal_cortex.o
 .debug_info    0x000000000000c0e8      0x9f1 Drivers/STM32F4xx_HAL_Driver/Src/stm32f4xx_hal_dma.o
 .debug_info    0x000000000000cad9      0x83e Drivers/STM32F4xx_HAL_Driver/Src/stm32f4xx_hal_gpio.o
 .debug_info    0x000000000000d317      0x996 Drivers/STM32F4xx_HAL_Driver/Src/stm32f4xx_hal_rcc.o
 .debug_info    0x000000000000dcad     0x2a90 Drivers/STM32F4xx_HAL_Driver/Src/stm32f4xx_hal_tim.o
 .debug_info    0x000000000001073d     0x1522 Drivers/STM32F4xx_HAL_Driver/Src/stm32f4xx_hal_tim_ex.o
 .debug_info    0x0000000000011c5f     0x1665 Drivers/STM32F4xx_HAL_Driver/Src/stm32f4xx_hal_uart.o
 .debug_info    0x00000000000132c4      0xc0f EE-API-library/Src/API_draw.o
 .debug_info    0x0000000000013ed3      0xac0 EE-API-library/Src/API_io.o

.debug_abbrev   0x0000000000000000     0x2dc1
 .debug_abbrev  0x0000000000000000      0x223 Core/Src/dma.o
 .debug_abbrev  0x0000000000000223      0x21a Core/Src/gpio.o
 .debug_abbrev  0x000000000000043d      0x328 Core/Src/main.o
 .debug_abbrev  0x0000000000000765      0x273 Core/Src/stm32_ub_vga_screen.o
 .debug_abbrev  0x00000000000009d8      0x21a Core/Src/stm32f4xx_hal_msp.o
 .debug_abbrev  0x0000000000000bf2      0x23c Core/Src/stm32f4xx_it.o
 .debug_abbrev  0x0000000000000e2e      0x1e3 Core/Src/sysmem.o
 .debug_abbrev  0x0000000000001011      0x145 Core/Src/system_stm32f4xx.o
 .debug_abbrev  0x0000000000001156      0x267 Core/Src/tim.o
 .debug_abbrev  0x00000000000013bd      0x29e Core/Src/usart.o
 .debug_abbrev  0x000000000000165b       0x12 Core/Startup/startup_stm32f407vgtx.o
 .debug_abbrev  0x000000000000166d      0x1ed Drivers/STM32F4xx_HAL_Driver/Src/stm32f4xx_hal.o
 .debug_abbrev  0x000000000000185a      0x33c Drivers/STM32F4xx_HAL_Driver/Src/stm32f4xx_hal_cortex.o
 .debug_abbrev  0x0000000000001b96      0x259 Drivers/STM32F4xx_HAL_Driver/Src/stm32f4xx_hal_dma.o
 .debug_abbrev  0x0000000000001def      0x1f1 Drivers/STM32F4xx_HAL_Driver/Src/stm32f4xx_hal_gpio.o
 .debug_abbrev  0x0000000000001fe0      0x275 Drivers/STM32F4xx_HAL_Driver/Src/stm32f4xx_hal_rcc.o
 .debug_abbrev  0x0000000000002255      0x25e Drivers/STM32F4xx_HAL_Driver/Src/stm32f4xx_hal_tim.o
 .debug_abbrev  0x00000000000024b3      0x266 Drivers/STM32F4xx_HAL_Driver/Src/stm32f4xx_hal_tim_ex.o
 .debug_abbrev  0x0000000000002719      0x28b Drivers/STM32F4xx_HAL_Driver/Src/stm32f4xx_hal_uart.o
 .debug_abbrev  0x00000000000029a4      0x237 EE-API-library/Src/API_draw.o
 .debug_abbrev  0x0000000000002bdb      0x1e6 EE-API-library/Src/API_io.o

.debug_aranges  0x0000000000000000      0xd50
 .debug_aranges
                0x0000000000000000       0x20 Core/Src/dma.o
 .debug_aranges
                0x0000000000000020       0x20 Core/Src/gpio.o
 .debug_aranges
                0x0000000000000040       0x40 Core/Src/main.o
 .debug_aranges
                0x0000000000000080       0x30 Core/Src/stm32_ub_vga_screen.o
 .debug_aranges
                0x00000000000000b0       0x20 Core/Src/stm32f4xx_hal_msp.o
 .debug_aranges
                0x00000000000000d0       0x88 Core/Src/stm32f4xx_it.o
 .debug_aranges
                0x0000000000000158       0x20 Core/Src/sysmem.o
 .debug_aranges
                0x0000000000000178       0x28 Core/Src/system_stm32f4xx.o
 .debug_aranges
                0x00000000000001a0       0x50 Core/Src/tim.o
 .debug_aranges
                0x00000000000001f0       0x40 Core/Src/usart.o
 .debug_aranges
                0x0000000000000230       0x28 Core/Startup/startup_stm32f407vgtx.o
 .debug_aranges
                0x0000000000000258       0xf0 Drivers/STM32F4xx_HAL_Driver/Src/stm32f4xx_hal.o
 .debug_aranges
                0x0000000000000348      0x118 Drivers/STM32F4xx_HAL_Driver/Src/stm32f4xx_hal_cortex.o
 .debug_aranges
                0x0000000000000460       0x90 Drivers/STM32F4xx_HAL_Driver/Src/stm32f4xx_hal_dma.o
 .debug_aranges
                0x00000000000004f0       0x58 Drivers/STM32F4xx_HAL_Driver/Src/stm32f4xx_hal_gpio.o
 .debug_aranges
                0x0000000000000548       0x88 Drivers/STM32F4xx_HAL_Driver/Src/stm32f4xx_hal_rcc.o
 .debug_aranges
                0x00000000000005d0      0x3d0 Drivers/STM32F4xx_HAL_Driver/Src/stm32f4xx_hal_tim.o
 .debug_aranges
                0x00000000000009a0      0x168 Drivers/STM32F4xx_HAL_Driver/Src/stm32f4xx_hal_tim_ex.o
 .debug_aranges
                0x0000000000000b08      0x200 Drivers/STM32F4xx_HAL_Driver/Src/stm32f4xx_hal_uart.o
 .debug_aranges
                0x0000000000000d08       0x28 EE-API-library/Src/API_draw.o
 .debug_aranges
                0x0000000000000d30       0x20 EE-API-library/Src/API_io.o

.debug_ranges   0x0000000000000000      0xc38
 .debug_ranges  0x0000000000000000       0x10 Core/Src/dma.o
 .debug_ranges  0x0000000000000010       0x10 Core/Src/gpio.o
 .debug_ranges  0x0000000000000020       0x30 Core/Src/main.o
 .debug_ranges  0x0000000000000050       0x20 Core/Src/stm32_ub_vga_screen.o
 .debug_ranges  0x0000000000000070       0x10 Core/Src/stm32f4xx_hal_msp.o
 .debug_ranges  0x0000000000000080       0x78 Core/Src/stm32f4xx_it.o
 .debug_ranges  0x00000000000000f8       0x10 Core/Src/sysmem.o
 .debug_ranges  0x0000000000000108       0x18 Core/Src/system_stm32f4xx.o
 .debug_ranges  0x0000000000000120       0x40 Core/Src/tim.o
 .debug_ranges  0x0000000000000160       0x30 Core/Src/usart.o
 .debug_ranges  0x0000000000000190       0x20 Core/Startup/startup_stm32f407vgtx.o
 .debug_ranges  0x00000000000001b0       0xe0 Drivers/STM32F4xx_HAL_Driver/Src/stm32f4xx_hal.o
 .debug_ranges  0x0000000000000290      0x108 Drivers/STM32F4xx_HAL_Driver/Src/stm32f4xx_hal_cortex.o
 .debug_ranges  0x0000000000000398       0x80 Drivers/STM32F4xx_HAL_Driver/Src/stm32f4xx_hal_dma.o
 .debug_ranges  0x0000000000000418       0x48 Drivers/STM32F4xx_HAL_Driver/Src/stm32f4xx_hal_gpio.o
 .debug_ranges  0x0000000000000460       0x78 Drivers/STM32F4xx_HAL_Driver/Src/stm32f4xx_hal_rcc.o
 .debug_ranges  0x00000000000004d8      0x3c0 Drivers/STM32F4xx_HAL_Driver/Src/stm32f4xx_hal_tim.o
 .debug_ranges  0x0000000000000898      0x158 Drivers/STM32F4xx_HAL_Driver/Src/stm32f4xx_hal_tim_ex.o
 .debug_ranges  0x00000000000009f0      0x220 Drivers/STM32F4xx_HAL_Driver/Src/stm32f4xx_hal_uart.o
 .debug_ranges  0x0000000000000c10       0x18 EE-API-library/Src/API_draw.o
 .debug_ranges  0x0000000000000c28       0x10 EE-API-library/Src/API_io.o

.debug_macro    0x0000000000000000    0x22fb0
 .debug_macro   0x0000000000000000      0x3ab Core/Src/dma.o
 .debug_macro   0x00000000000003ab      0xaa8 Core/Src/dma.o
 .debug_macro   0x0000000000000e53      0x29b Core/Src/dma.o
 .debug_macro   0x00000000000010ee       0x2e Core/Src/dma.o
 .debug_macro   0x000000000000111c       0x2f Core/Src/dma.o
 .debug_macro   0x000000000000114b       0x22 Core/Src/dma.o
 .debug_macro   0x000000000000116d       0x8e Core/Src/dma.o
 .debug_macro   0x00000000000011fb       0x51 Core/Src/dma.o
 .debug_macro   0x000000000000124c      0x103 Core/Src/dma.o
 .debug_macro   0x000000000000134f       0x6a Core/Src/dma.o
 .debug_macro   0x00000000000013b9      0x1df Core/Src/dma.o
 .debug_macro   0x0000000000001598       0x1c Core/Src/dma.o
 .debug_macro   0x00000000000015b4       0x22 Core/Src/dma.o
 .debug_macro   0x00000000000015d6       0xdf Core/Src/dma.o
 .debug_macro   0x00000000000016b5     0x102d Core/Src/dma.o
 .debug_macro   0x00000000000026e2      0x11f Core/Src/dma.o
 .debug_macro   0x0000000000002801    0x15e3c Core/Src/dma.o
 .debug_macro   0x000000000001863d       0x43 Core/Src/dma.o
 .debug_macro   0x0000000000018680     0x3659 Core/Src/dma.o
 .debug_macro   0x000000000001bcd9      0x174 Core/Src/dma.o
 .debug_macro   0x000000000001be4d       0x5c Core/Src/dma.o
 .debug_macro   0x000000000001bea9      0x96b Core/Src/dma.o
 .debug_macro   0x000000000001c814      0x9fe Core/Src/dma.o
 .debug_macro   0x000000000001d212      0x117 Core/Src/dma.o
 .debug_macro   0x000000000001d329      0x13e Core/Src/dma.o
 .debug_macro   0x000000000001d467       0x82 Core/Src/dma.o
 .debug_macro   0x000000000001d4e9      0x174 Core/Src/dma.o
 .debug_macro   0x000000000001d65d      0x287 Core/Src/dma.o
 .debug_macro   0x000000000001d8e4       0x5f Core/Src/dma.o
 .debug_macro   0x000000000001d943      0x236 Core/Src/dma.o
 .debug_macro   0x000000000001db79      0x12c Core/Src/dma.o
 .debug_macro   0x000000000001dca5      0x21e Core/Src/dma.o
 .debug_macro   0x000000000001dec3       0x2e Core/Src/dma.o
 .debug_macro   0x000000000001def1      0x11a Core/Src/dma.o
 .debug_macro   0x000000000001e00b       0x7e Core/Src/dma.o
 .debug_macro   0x000000000001e089       0x89 Core/Src/dma.o
 .debug_macro   0x000000000001e112      0x8d1 Core/Src/dma.o
 .debug_macro   0x000000000001e9e3       0x47 Core/Src/dma.o
 .debug_macro   0x000000000001ea2a      0x295 Core/Src/dma.o
 .debug_macro   0x000000000001ecbf      0x12d Core/Src/dma.o
 .debug_macro   0x000000000001edec       0xa0 Core/Src/dma.o
 .debug_macro   0x000000000001ee8c       0x52 Core/Src/dma.o
 .debug_macro   0x000000000001eede       0x18 Core/Src/dma.o
 .debug_macro   0x000000000001eef6       0x3c Core/Src/dma.o
 .debug_macro   0x000000000001ef32       0x34 Core/Src/dma.o
 .debug_macro   0x000000000001ef66       0x16 Core/Src/dma.o
 .debug_macro   0x000000000001ef7c       0x35 Core/Src/dma.o
 .debug_macro   0x000000000001efb1      0x333 Core/Src/dma.o
 .debug_macro   0x000000000001f2e4       0x10 Core/Src/dma.o
 .debug_macro   0x000000000001f2f4       0x16 Core/Src/dma.o
 .debug_macro   0x000000000001f30a       0x43 Core/Src/dma.o
 .debug_macro   0x000000000001f34d       0x34 Core/Src/dma.o
 .debug_macro   0x000000000001f381       0x10 Core/Src/dma.o
 .debug_macro   0x000000000001f391       0x58 Core/Src/dma.o
 .debug_macro   0x000000000001f3e9       0x71 Core/Src/dma.o
 .debug_macro   0x000000000001f45a       0x1c Core/Src/dma.o
 .debug_macro   0x000000000001f476      0x12a Core/Src/dma.o
 .debug_macro   0x000000000001f5a0       0x10 Core/Src/dma.o
 .debug_macro   0x000000000001f5b0       0x1c Core/Src/dma.o
 .debug_macro   0x000000000001f5cc       0x52 Core/Src/dma.o
 .debug_macro   0x000000000001f61e       0x22 Core/Src/dma.o
 .debug_macro   0x000000000001f640       0x10 Core/Src/dma.o
 .debug_macro   0x000000000001f650       0x40 Core/Src/dma.o
 .debug_macro   0x000000000001f690       0xd5 Core/Src/dma.o
 .debug_macro   0x000000000001f765       0x1c Core/Src/dma.o
 .debug_macro   0x000000000001f781       0x3d Core/Src/dma.o
 .debug_macro   0x000000000001f7be       0x16 Core/Src/dma.o
 .debug_macro   0x000000000001f7d4      0x145 Core/Src/dma.o
 .debug_macro   0x000000000001f919       0x16 Core/Src/dma.o
 .debug_macro   0x000000000001f92f       0x20 Core/Src/dma.o
 .debug_macro   0x000000000001f94f       0x7c Core/Src/dma.o
 .debug_macro   0x000000000001f9cb      0x3ab Core/Src/gpio.o
 .debug_macro   0x000000000001fd76      0x3c8 Core/Src/main.o
 .debug_macro   0x000000000002013e       0x16 Core/Src/main.o
 .debug_macro   0x0000000000020154      0x3a1 Core/Src/stm32_ub_vga_screen.o
 .debug_macro   0x00000000000204f5      0x3a1 Core/Src/stm32f4xx_hal_msp.o
 .debug_macro   0x0000000000020896      0x3ab Core/Src/stm32f4xx_it.o
 .debug_macro   0x0000000000020c41      0x1b1 Core/Src/sysmem.o
 .debug_macro   0x0000000000020df2      0x23b Core/Src/sysmem.o
 .debug_macro   0x000000000002102d      0x1d4 Core/Src/system_stm32f4xx.o
 .debug_macro   0x0000000000021201      0x3ab Core/Src/tim.o
 .debug_macro   0x00000000000215ac      0x3b0 Core/Src/usart.o
 .debug_macro   0x000000000002195c       0x10 Core/Src/usart.o
 .debug_macro   0x000000000002196c      0x22e Drivers/STM32F4xx_HAL_Driver/Src/stm32f4xx_hal.o
 .debug_macro   0x0000000000021b9a      0x1ce Drivers/STM32F4xx_HAL_Driver/Src/stm32f4xx_hal_cortex.o
 .debug_macro   0x0000000000021d68      0x1d4 Drivers/STM32F4xx_HAL_Driver/Src/stm32f4xx_hal_dma.o
 .debug_macro   0x0000000000021f3c      0x1d4 Drivers/STM32F4xx_HAL_Driver/Src/stm32f4xx_hal_gpio.o
 .debug_macro   0x0000000000022110      0x1f2 Drivers/STM32F4xx_HAL_Driver/Src/stm32f4xx_hal_rcc.o
 .debug_macro   0x0000000000022302      0x1cf Drivers/STM32F4xx_HAL_Driver/Src/stm32f4xx_hal_tim.o
 .debug_macro   0x00000000000224d1      0x1ce Drivers/STM32F4xx_HAL_Driver/Src/stm32f4xx_hal_tim_ex.o
 .debug_macro   0x000000000002269f      0x1cf Drivers/STM32F4xx_HAL_Driver/Src/stm32f4xx_hal_uart.o
 .debug_macro   0x000000000002286e      0x3a1 EE-API-library/Src/API_draw.o
 .debug_macro   0x0000000000022c0f      0x3a1 EE-API-library/Src/API_io.o

.debug_line     0x0000000000000000    0x11a6c
 .debug_line    0x0000000000000000      0x97c Core/Src/dma.o
 .debug_line    0x000000000000097c      0x999 Core/Src/gpio.o
 .debug_line    0x0000000000001315      0xaa6 Core/Src/main.o
 .debug_line    0x0000000000001dbb      0xa03 Core/Src/stm32_ub_vga_screen.o
 .debug_line    0x00000000000027be      0x97c Core/Src/stm32f4xx_hal_msp.o
 .debug_line    0x000000000000313a      0xb44 Core/Src/stm32f4xx_it.o
 .debug_line    0x0000000000003c7e      0x57b Core/Src/sysmem.o
 .debug_line    0x00000000000041f9      0x742 Core/Src/system_stm32f4xx.o
 .debug_line    0x000000000000493b      0xadf Core/Src/tim.o
 .debug_line    0x000000000000541a      0xb2b Core/Src/usart.o
 .debug_line    0x0000000000005f45       0x85 Core/Startup/startup_stm32f407vgtx.o
 .debug_line    0x0000000000005fca      0x9a2 Drivers/STM32F4xx_HAL_Driver/Src/stm32f4xx_hal.o
 .debug_line    0x000000000000696c      0xc51 Drivers/STM32F4xx_HAL_Driver/Src/stm32f4xx_hal_cortex.o
 .debug_line    0x00000000000075bd      0xf0b Drivers/STM32F4xx_HAL_Driver/Src/stm32f4xx_hal_dma.o
 .debug_line    0x00000000000084c8      0xb1a Drivers/STM32F4xx_HAL_Driver/Src/stm32f4xx_hal_gpio.o
 .debug_line    0x0000000000008fe2      0xd1e Drivers/STM32F4xx_HAL_Driver/Src/stm32f4xx_hal_rcc.o
 .debug_line    0x0000000000009d00     0x35ce Drivers/STM32F4xx_HAL_Driver/Src/stm32f4xx_hal_tim.o
 .debug_line    0x000000000000d2ce     0x196f Drivers/STM32F4xx_HAL_Driver/Src/stm32f4xx_hal_tim_ex.o
 .debug_line    0x000000000000ec3d     0x1a68 Drivers/STM32F4xx_HAL_Driver/Src/stm32f4xx_hal_uart.o
 .debug_line    0x00000000000106a5      0xa4d EE-API-library/Src/API_draw.o
 .debug_line    0x00000000000110f2      0x97a EE-API-library/Src/API_io.o

.debug_str      0x0000000000000000    0xcb547
 .debug_str     0x0000000000000000    0xc794e Core/Src/dma.o
                                      0xc7c76 (size before relaxing)
 .debug_str     0x00000000000c794e       0xb0 Core/Src/gpio.o
                                      0xc7814 (size before relaxing)
 .debug_str     0x00000000000c79fe      0x886 Core/Src/main.o
                                      0xc80bd (size before relaxing)
 .debug_str     0x00000000000c8284       0x6a Core/Src/stm32_ub_vga_screen.o
                                      0xc7c25 (size before relaxing)
 .debug_str     0x00000000000c82ee       0x2c Core/Src/stm32f4xx_hal_msp.o
                                      0xc778b (size before relaxing)
 .debug_str     0x00000000000c831a      0x136 Core/Src/stm32f4xx_it.o
                                      0xc7ee9 (size before relaxing)
 .debug_str     0x00000000000c8450      0x4d1 Core/Src/sysmem.o
                                       0x7bda (size before relaxing)
 .debug_str     0x00000000000c8921       0xc4 Core/Src/system_stm32f4xx.o
                                      0xc3190 (size before relaxing)
 .debug_str     0x00000000000c89e5      0x1bf Core/Src/tim.o
                                      0xc83eb (size before relaxing)
 .debug_str     0x00000000000c8ba4       0xcb Core/Src/usart.o
                                      0xc822c (size before relaxing)
 .debug_str     0x00000000000c8c6f       0x36 Core/Startup/startup_stm32f407vgtx.o
                                         0x9e (size before relaxing)
 .debug_str     0x00000000000c8ca5      0x58d Drivers/STM32F4xx_HAL_Driver/Src/stm32f4xx_hal.o
                                      0xc3c5d (size before relaxing)
 .debug_str     0x00000000000c9232      0x399 Drivers/STM32F4xx_HAL_Driver/Src/stm32f4xx_hal_cortex.o
                                      0xc3a4c (size before relaxing)
 .debug_str     0x00000000000c95cb      0x31d Drivers/STM32F4xx_HAL_Driver/Src/stm32f4xx_hal_dma.o
                                      0xc35a5 (size before relaxing)
 .debug_str     0x00000000000c98e8      0x15f Drivers/STM32F4xx_HAL_Driver/Src/stm32f4xx_hal_gpio.o
                                      0xc3322 (size before relaxing)
 .debug_str     0x00000000000c9a47      0x259 Drivers/STM32F4xx_HAL_Driver/Src/stm32f4xx_hal_rcc.o
                                      0xc357d (size before relaxing)
 .debug_str     0x00000000000c9ca0      0xd61 Drivers/STM32F4xx_HAL_Driver/Src/stm32f4xx_hal_tim.o
                                      0xc44a3 (size before relaxing)
 .debug_str     0x00000000000caa01      0x4ee Drivers/STM32F4xx_HAL_Driver/Src/stm32f4xx_hal_tim_ex.o
                                      0xc3c54 (size before relaxing)
 .debug_str     0x00000000000caeef      0x5bd Drivers/STM32F4xx_HAL_Driver/Src/stm32f4xx_hal_uart.o
                                      0xc3adf (size before relaxing)
 .debug_str     0x00000000000cb4ac       0x70 EE-API-library/Src/API_draw.o
                                      0xc76d2 (size before relaxing)
 .debug_str     0x00000000000cb51c       0x2b EE-API-library/Src/API_io.o
                                      0xc7687 (size before relaxing)

.comment        0x0000000000000000       0x53
 .comment       0x0000000000000000       0x53 Core/Src/dma.o
                                         0x54 (size before relaxing)
 .comment       0x0000000000000053       0x54 Core/Src/gpio.o
 .comment       0x0000000000000053       0x54 Core/Src/main.o
 .comment       0x0000000000000053       0x54 Core/Src/stm32_ub_vga_screen.o
 .comment       0x0000000000000053       0x54 Core/Src/stm32f4xx_hal_msp.o
 .comment       0x0000000000000053       0x54 Core/Src/stm32f4xx_it.o
 .comment       0x0000000000000053       0x54 Core/Src/sysmem.o
 .comment       0x0000000000000053       0x54 Core/Src/system_stm32f4xx.o
 .comment       0x0000000000000053       0x54 Core/Src/tim.o
 .comment       0x0000000000000053       0x54 Core/Src/usart.o
 .comment       0x0000000000000053       0x54 Drivers/STM32F4xx_HAL_Driver/Src/stm32f4xx_hal.o
 .comment       0x0000000000000053       0x54 Drivers/STM32F4xx_HAL_Driver/Src/stm32f4xx_hal_cortex.o
 .comment       0x0000000000000053       0x54 Drivers/STM32F4xx_HAL_Driver/Src/stm32f4xx_hal_dma.o
 .comment       0x0000000000000053       0x54 Drivers/STM32F4xx_HAL_Driver/Src/stm32f4xx_hal_gpio.o
 .comment       0x0000000000000053       0x54 Drivers/STM32F4xx_HAL_Driver/Src/stm32f4xx_hal_rcc.o
 .comment       0x0000000000000053       0x54 Drivers/STM32F4xx_HAL_Driver/Src/stm32f4xx_hal_tim.o
 .comment       0x0000000000000053       0x54 Drivers/STM32F4xx_HAL_Driver/Src/stm32f4xx_hal_tim_ex.o
 .comment       0x0000000000000053       0x54 Drivers/STM32F4xx_HAL_Driver/Src/stm32f4xx_hal_uart.o
 .comment       0x0000000000000053       0x54 EE-API-library/Src/API_draw.o
 .comment       0x0000000000000053       0x54 EE-API-library/Src/API_io.o

.debug_frame    0x0000000000000000     0x39a8
 .debug_frame   0x0000000000000000       0x34 Core/Src/dma.o
 .debug_frame   0x0000000000000034       0x34 Core/Src/gpio.o
 .debug_frame   0x0000000000000068       0xc0 Core/Src/main.o
 .debug_frame   0x0000000000000128       0x78 Core/Src/stm32_ub_vga_screen.o
 .debug_frame   0x00000000000001a0       0x38 Core/Src/stm32f4xx_hal_msp.o
 .debug_frame   0x00000000000001d8      0x198 Core/Src/stm32f4xx_it.o
 .debug_frame   0x0000000000000370       0x34 Core/Src/sysmem.o
 .debug_frame   0x00000000000003a4       0x58 Core/Src/system_stm32f4xx.o
 .debug_frame   0x00000000000003fc      0x10c Core/Src/tim.o
 .debug_frame   0x0000000000000508       0xc0 Core/Src/usart.o
 .debug_frame   0x00000000000005c8      0x374 Drivers/STM32F4xx_HAL_Driver/Src/stm32f4xx_hal.o
 .debug_frame   0x000000000000093c      0x498 Drivers/STM32F4xx_HAL_Driver/Src/stm32f4xx_hal_cortex.o
 .debug_frame   0x0000000000000dd4      0x250 Drivers/STM32F4xx_HAL_Driver/Src/stm32f4xx_hal_dma.o
 .debug_frame   0x0000000000001024      0x14c Drivers/STM32F4xx_HAL_Driver/Src/stm32f4xx_hal_gpio.o
 .debug_frame   0x0000000000001170      0x1f0 Drivers/STM32F4xx_HAL_Driver/Src/stm32f4xx_hal_rcc.o
 .debug_frame   0x0000000000001360     0x11bc Drivers/STM32F4xx_HAL_Driver/Src/stm32f4xx_hal_tim.o
 .debug_frame   0x000000000000251c      0x638 Drivers/STM32F4xx_HAL_Driver/Src/stm32f4xx_hal_tim_ex.o
 .debug_frame   0x0000000000002b54      0x924 Drivers/STM32F4xx_HAL_Driver/Src/stm32f4xx_hal_uart.o
 .debug_frame   0x0000000000003478       0x60 EE-API-library/Src/API_draw.o
 .debug_frame   0x00000000000034d8       0x2c EE-API-library/Src/API_io.o
 .debug_frame   0x0000000000003504       0x20 g:/stm32cubeide_1.4.0/stm32cubeide/plugins/com.st.stm32cube.ide.mcu.externaltools.gnu-tools-for-stm32.9-2020-q2-update.win32_1.5.0.202011040924/tools/bin/../lib/gcc/arm-none-eabi/9.3.1/../../../../arm-none-eabi/lib/thumb/v7e-m+fp/hard\libc_nano.a(lib_a-errno.o)
 .debug_frame   0x0000000000003524       0x2c g:/stm32cubeide_1.4.0/stm32cubeide/plugins/com.st.stm32cube.ide.mcu.externaltools.gnu-tools-for-stm32.9-2020-q2-update.win32_1.5.0.202011040924/tools/bin/../lib/gcc/arm-none-eabi/9.3.1/../../../../arm-none-eabi/lib/thumb/v7e-m+fp/hard\libc_nano.a(lib_a-init.o)
 .debug_frame   0x0000000000003550       0x20 g:/stm32cubeide_1.4.0/stm32cubeide/plugins/com.st.stm32cube.ide.mcu.externaltools.gnu-tools-for-stm32.9-2020-q2-update.win32_1.5.0.202011040924/tools/bin/../lib/gcc/arm-none-eabi/9.3.1/../../../../arm-none-eabi/lib/thumb/v7e-m+fp/hard\libc_nano.a(lib_a-memset.o)
 .debug_frame   0x0000000000003570       0x6c g:/stm32cubeide_1.4.0/stm32cubeide/plugins/com.st.stm32cube.ide.mcu.externaltools.gnu-tools-for-stm32.9-2020-q2-update.win32_1.5.0.202011040924/tools/bin/../lib/gcc/arm-none-eabi/9.3.1/../../../../arm-none-eabi/lib/thumb/v7e-m+fp/hard\libc_nano.a(lib_a-sprintf.o)
 .debug_frame   0x00000000000035dc       0x90 g:/stm32cubeide_1.4.0/stm32cubeide/plugins/com.st.stm32cube.ide.mcu.externaltools.gnu-tools-for-stm32.9-2020-q2-update.win32_1.5.0.202011040924/tools/bin/../lib/gcc/arm-none-eabi/9.3.1/../../../../arm-none-eabi/lib/thumb/v7e-m+fp/hard\libc_nano.a(lib_a-nano-svfprintf.o)
 .debug_frame   0x000000000000366c       0x60 g:/stm32cubeide_1.4.0/stm32cubeide/plugins/com.st.stm32cube.ide.mcu.externaltools.gnu-tools-for-stm32.9-2020-q2-update.win32_1.5.0.202011040924/tools/bin/../lib/gcc/arm-none-eabi/9.3.1/../../../../arm-none-eabi/lib/thumb/v7e-m+fp/hard\libc_nano.a(lib_a-nano-vfprintf_i.o)
 .debug_frame   0x00000000000036cc       0x28 g:/stm32cubeide_1.4.0/stm32cubeide/plugins/com.st.stm32cube.ide.mcu.externaltools.gnu-tools-for-stm32.9-2020-q2-update.win32_1.5.0.202011040924/tools/bin/../lib/gcc/arm-none-eabi/9.3.1/../../../../arm-none-eabi/lib/thumb/v7e-m+fp/hard\libc_nano.a(lib_a-memcpy-stub.o)
 .debug_frame   0x00000000000036f4       0x28 g:/stm32cubeide_1.4.0/stm32cubeide/plugins/com.st.stm32cube.ide.mcu.externaltools.gnu-tools-for-stm32.9-2020-q2-update.win32_1.5.0.202011040924/tools/bin/../lib/gcc/arm-none-eabi/9.3.1/../../../../arm-none-eabi/lib/thumb/v7e-m+fp/hard\libc_nano.a(lib_a-memmove.o)
 .debug_frame   0x000000000000371c       0x38 g:/stm32cubeide_1.4.0/stm32cubeide/plugins/com.st.stm32cube.ide.mcu.externaltools.gnu-tools-for-stm32.9-2020-q2-update.win32_1.5.0.202011040924/tools/bin/../lib/gcc/arm-none-eabi/9.3.1/../../../../arm-none-eabi/lib/thumb/v7e-m+fp/hard\libc_nano.a(lib_a-nano-freer.o)
 .debug_frame   0x0000000000003754       0x30 g:/stm32cubeide_1.4.0/stm32cubeide/plugins/com.st.stm32cube.ide.mcu.externaltools.gnu-tools-for-stm32.9-2020-q2-update.win32_1.5.0.202011040924/tools/bin/../lib/gcc/arm-none-eabi/9.3.1/../../../../arm-none-eabi/lib/thumb/v7e-m+fp/hard\libc_nano.a(lib_a-nano-mallocr.o)
 .debug_frame   0x0000000000003784       0x3c g:/stm32cubeide_1.4.0/stm32cubeide/plugins/com.st.stm32cube.ide.mcu.externaltools.gnu-tools-for-stm32.9-2020-q2-update.win32_1.5.0.202011040924/tools/bin/../lib/gcc/arm-none-eabi/9.3.1/../../../../arm-none-eabi/lib/thumb/v7e-m+fp/hard\libc_nano.a(lib_a-nano-reallocr.o)
 .debug_frame   0x00000000000037c0       0x2c g:/stm32cubeide_1.4.0/stm32cubeide/plugins/com.st.stm32cube.ide.mcu.externaltools.gnu-tools-for-stm32.9-2020-q2-update.win32_1.5.0.202011040924/tools/bin/../lib/gcc/arm-none-eabi/9.3.1/../../../../arm-none-eabi/lib/thumb/v7e-m+fp/hard\libc_nano.a(lib_a-sbrkr.o)
 .debug_frame   0x00000000000037ec       0x30 g:/stm32cubeide_1.4.0/stm32cubeide/plugins/com.st.stm32cube.ide.mcu.externaltools.gnu-tools-for-stm32.9-2020-q2-update.win32_1.5.0.202011040924/tools/bin/../lib/gcc/arm-none-eabi/9.3.1/../../../../arm-none-eabi/lib/thumb/v7e-m+fp/hard\libc_nano.a(lib_a-mlock.o)
 .debug_frame   0x000000000000381c       0x20 g:/stm32cubeide_1.4.0/stm32cubeide/plugins/com.st.stm32cube.ide.mcu.externaltools.gnu-tools-for-stm32.9-2020-q2-update.win32_1.5.0.202011040924/tools/bin/../lib/gcc/arm-none-eabi/9.3.1/../../../../arm-none-eabi/lib/thumb/v7e-m+fp/hard\libc_nano.a(lib_a-nano-msizer.o)
 .debug_frame   0x000000000000383c       0x5c g:/stm32cubeide_1.4.0/stm32cubeide/plugins/com.st.stm32cube.ide.mcu.externaltools.gnu-tools-for-stm32.9-2020-q2-update.win32_1.5.0.202011040924/tools/bin/../lib/gcc/arm-none-eabi/9.3.1/../../../../arm-none-eabi/lib/thumb/v7e-m+fp/hard\libc_nano.a(lib_a-reent.o)
 .debug_frame   0x0000000000003898       0xb0 g:/stm32cubeide_1.4.0/stm32cubeide/plugins/com.st.stm32cube.ide.mcu.externaltools.gnu-tools-for-stm32.9-2020-q2-update.win32_1.5.0.202011040924/tools/bin/../lib/gcc/arm-none-eabi/9.3.1/../../../../arm-none-eabi/lib/thumb/v7e-m+fp/hard\libc_nano.a(lib_a-lock.o)
 .debug_frame   0x0000000000003948       0x2c g:/stm32cubeide_1.4.0/stm32cubeide/plugins/com.st.stm32cube.ide.mcu.externaltools.gnu-tools-for-stm32.9-2020-q2-update.win32_1.5.0.202011040924/tools/bin/../lib/gcc/arm-none-eabi/9.3.1/thumb/v7e-m+fp/hard\libgcc.a(_aeabi_uldivmod.o)
 .debug_frame   0x0000000000003974       0x34 g:/stm32cubeide_1.4.0/stm32cubeide/plugins/com.st.stm32cube.ide.mcu.externaltools.gnu-tools-for-stm32.9-2020-q2-update.win32_1.5.0.202011040924/tools/bin/../lib/gcc/arm-none-eabi/9.3.1/thumb/v7e-m+fp/hard\libgcc.a(_udivmoddi4.o)